
> backend-api@0.0.1 test:unit
> jest --config jest.config.unit.ts

FAIL 🧪 Unit Tests src/modules/error/error-codes/user.error-codes.unit.spec.ts
  ● UserErrorCode - Unit Tests › enum structure › should have all expected error codes

    expect(received).toHaveLength(expected)

    Expected length: 7
    Received length: 9
    Received array:  ["DUPLICATE_EMAIL", "DUPLICATE_CPF", "DUPLICATE_RG", "DUPLICATE_KEYCLOAK_ID", "USER_NOT_FOUND", "INVALID_PASSWORD", "ACCOUNT_DISABLED", "EMAIL_NOT_VERIFIED", "INVALID_USER_TYPE"]

    [0m [90m 36 |[39m     it([32m'should have all expected error codes'[39m[33m,[39m () [33m=>[39m {
     [90m 37 |[39m       [36mconst[39m codes [33m=[39m [33mObject[39m[33m.[39mvalues([33mUserErrorCode[39m)[33m;[39m
    [31m[1m>[22m[39m[90m 38 |[39m       expect(codes)[33m.[39mtoHaveLength([35m7[39m)[33m;[39m
     [90m    |[39m                     [31m[1m^[22m[39m
     [90m 39 |[39m       expect(codes)[33m.[39mtoContain([32m'DUPLICATE_EMAIL'[39m)[33m;[39m
     [90m 40 |[39m       expect(codes)[33m.[39mtoContain([32m'DUPLICATE_CPF'[39m)[33m;[39m
     [90m 41 |[39m       expect(codes)[33m.[39mtoContain([32m'DUPLICATE_RG'[39m)[33m;[39m[0m

      at Object.<anonymous> (src/modules/error/error-codes/user.error-codes.unit.spec.ts:38:21)

FAIL 🧪 Unit Tests src/modules/shared/interceptors/logging/logging.interceptor.unit.spec.ts
  ● LoggingInterceptor - Unit Tests › intercept › should log request start

    TypeError: context.getClass is not a function

    [0m [90m 47 |[39m   intercept(context[33m:[39m [33mExecutionContext[39m[33m,[39m next[33m:[39m [33mCallHandler[39m)[33m:[39m [33mObservable[39m[33m<[39m[33munknown[39m[33m>[39m {
     [90m 48 |[39m     [36mconst[39m request [33m=[39m context[33m.[39mswitchToHttp()[33m.[39mgetRequest[33m<[39m[33mRequest[39m[33m>[39m()[33m;[39m
    [31m[1m>[22m[39m[90m 49 |[39m     [36mconst[39m caller [33m=[39m [32m`${context.getClass()?.name ?? 'Unknown'}::${context.getHandler()?.name ?? 'handler'}`[39m[33m;[39m
     [90m    |[39m                               [31m[1m^[22m[39m
     [90m 50 |[39m
     [90m 51 |[39m     [36mif[39m ([36mthis[39m[33m.[39mshouldSkipLogging(request[33m.[39murl)) {
     [90m 52 |[39m       [36mreturn[39m next[33m.[39mhandle()[33m;[39m[0m

      at LoggingInterceptor.intercept (src/modules/shared/interceptors/logging/logging.interceptor.ts:49:31)
      at Object.<anonymous> (src/modules/shared/interceptors/logging/logging.interceptor.unit.spec.ts:80:19)

  ● LoggingInterceptor - Unit Tests › intercept › should log completion with duration

    TypeError: context.getClass is not a function

    [0m [90m 47 |[39m   intercept(context[33m:[39m [33mExecutionContext[39m[33m,[39m next[33m:[39m [33mCallHandler[39m)[33m:[39m [33mObservable[39m[33m<[39m[33munknown[39m[33m>[39m {
     [90m 48 |[39m     [36mconst[39m request [33m=[39m context[33m.[39mswitchToHttp()[33m.[39mgetRequest[33m<[39m[33mRequest[39m[33m>[39m()[33m;[39m
    [31m[1m>[22m[39m[90m 49 |[39m     [36mconst[39m caller [33m=[39m [32m`${context.getClass()?.name ?? 'Unknown'}::${context.getHandler()?.name ?? 'handler'}`[39m[33m;[39m
     [90m    |[39m                               [31m[1m^[22m[39m
     [90m 50 |[39m
     [90m 51 |[39m     [36mif[39m ([36mthis[39m[33m.[39mshouldSkipLogging(request[33m.[39murl)) {
     [90m 52 |[39m       [36mreturn[39m next[33m.[39mhandle()[33m;[39m[0m

      at LoggingInterceptor.intercept (src/modules/shared/interceptors/logging/logging.interceptor.ts:49:31)
      at Object.<anonymous> (src/modules/shared/interceptors/logging/logging.interceptor.unit.spec.ts:103:19)

  ● LoggingInterceptor - Unit Tests › intercept › should include request header in info log

    TypeError: context.getClass is not a function

    [0m [90m 47 |[39m   intercept(context[33m:[39m [33mExecutionContext[39m[33m,[39m next[33m:[39m [33mCallHandler[39m)[33m:[39m [33mObservable[39m[33m<[39m[33munknown[39m[33m>[39m {
     [90m 48 |[39m     [36mconst[39m request [33m=[39m context[33m.[39mswitchToHttp()[33m.[39mgetRequest[33m<[39m[33mRequest[39m[33m>[39m()[33m;[39m
    [31m[1m>[22m[39m[90m 49 |[39m     [36mconst[39m caller [33m=[39m [32m`${context.getClass()?.name ?? 'Unknown'}::${context.getHandler()?.name ?? 'handler'}`[39m[33m;[39m
     [90m    |[39m                               [31m[1m^[22m[39m
     [90m 50 |[39m
     [90m 51 |[39m     [36mif[39m ([36mthis[39m[33m.[39mshouldSkipLogging(request[33m.[39murl)) {
     [90m 52 |[39m       [36mreturn[39m next[33m.[39mhandle()[33m;[39m[0m

      at LoggingInterceptor.intercept (src/modules/shared/interceptors/logging/logging.interceptor.ts:49:31)
      at Object.<anonymous> (src/modules/shared/interceptors/logging/logging.interceptor.unit.spec.ts:128:19)

  ● LoggingInterceptor - Unit Tests › intercept › should log error with status code

    TypeError: context.getClass is not a function

    [0m [90m 47 |[39m   intercept(context[33m:[39m [33mExecutionContext[39m[33m,[39m next[33m:[39m [33mCallHandler[39m)[33m:[39m [33mObservable[39m[33m<[39m[33munknown[39m[33m>[39m {
     [90m 48 |[39m     [36mconst[39m request [33m=[39m context[33m.[39mswitchToHttp()[33m.[39mgetRequest[33m<[39m[33mRequest[39m[33m>[39m()[33m;[39m
    [31m[1m>[22m[39m[90m 49 |[39m     [36mconst[39m caller [33m=[39m [32m`${context.getClass()?.name ?? 'Unknown'}::${context.getHandler()?.name ?? 'handler'}`[39m[33m;[39m
     [90m    |[39m                               [31m[1m^[22m[39m
     [90m 50 |[39m
     [90m 51 |[39m     [36mif[39m ([36mthis[39m[33m.[39mshouldSkipLogging(request[33m.[39murl)) {
     [90m 52 |[39m       [36mreturn[39m next[33m.[39mhandle()[33m;[39m[0m

      at LoggingInterceptor.intercept (src/modules/shared/interceptors/logging/logging.interceptor.ts:49:31)
      at Object.<anonymous> (src/modules/shared/interceptors/logging/logging.interceptor.unit.spec.ts:154:19)

  ● LoggingInterceptor - Unit Tests › intercept › should log error with default status 500

    TypeError: context.getClass is not a function

    [0m [90m 47 |[39m   intercept(context[33m:[39m [33mExecutionContext[39m[33m,[39m next[33m:[39m [33mCallHandler[39m)[33m:[39m [33mObservable[39m[33m<[39m[33munknown[39m[33m>[39m {
     [90m 48 |[39m     [36mconst[39m request [33m=[39m context[33m.[39mswitchToHttp()[33m.[39mgetRequest[33m<[39m[33mRequest[39m[33m>[39m()[33m;[39m
    [31m[1m>[22m[39m[90m 49 |[39m     [36mconst[39m caller [33m=[39m [32m`${context.getClass()?.name ?? 'Unknown'}::${context.getHandler()?.name ?? 'handler'}`[39m[33m;[39m
     [90m    |[39m                               [31m[1m^[22m[39m
     [90m 50 |[39m
     [90m 51 |[39m     [36mif[39m ([36mthis[39m[33m.[39mshouldSkipLogging(request[33m.[39murl)) {
     [90m 52 |[39m       [36mreturn[39m next[33m.[39mhandle()[33m;[39m[0m

      at LoggingInterceptor.intercept (src/modules/shared/interceptors/logging/logging.interceptor.ts:49:31)
      at Object.<anonymous> (src/modules/shared/interceptors/logging/logging.interceptor.unit.spec.ts:178:19)

  ● LoggingInterceptor - Unit Tests › intercept › should include response data in completion log

    TypeError: context.getClass is not a function

    [0m [90m 47 |[39m   intercept(context[33m:[39m [33mExecutionContext[39m[33m,[39m next[33m:[39m [33mCallHandler[39m)[33m:[39m [33mObservable[39m[33m<[39m[33munknown[39m[33m>[39m {
     [90m 48 |[39m     [36mconst[39m request [33m=[39m context[33m.[39mswitchToHttp()[33m.[39mgetRequest[33m<[39m[33mRequest[39m[33m>[39m()[33m;[39m
    [31m[1m>[22m[39m[90m 49 |[39m     [36mconst[39m caller [33m=[39m [32m`${context.getClass()?.name ?? 'Unknown'}::${context.getHandler()?.name ?? 'handler'}`[39m[33m;[39m
     [90m    |[39m                               [31m[1m^[22m[39m
     [90m 50 |[39m
     [90m 51 |[39m     [36mif[39m ([36mthis[39m[33m.[39mshouldSkipLogging(request[33m.[39murl)) {
     [90m 52 |[39m       [36mreturn[39m next[33m.[39mhandle()[33m;[39m[0m

      at LoggingInterceptor.intercept (src/modules/shared/interceptors/logging/logging.interceptor.ts:49:31)
      at Object.<anonymous> (src/modules/shared/interceptors/logging/logging.interceptor.unit.spec.ts:203:19)

  ● LoggingInterceptor - Unit Tests › intercept › should pass response data through observable

    TypeError: context.getClass is not a function

    [0m [90m 47 |[39m   intercept(context[33m:[39m [33mExecutionContext[39m[33m,[39m next[33m:[39m [33mCallHandler[39m)[33m:[39m [33mObservable[39m[33m<[39m[33munknown[39m[33m>[39m {
     [90m 48 |[39m     [36mconst[39m request [33m=[39m context[33m.[39mswitchToHttp()[33m.[39mgetRequest[33m<[39m[33mRequest[39m[33m>[39m()[33m;[39m
    [31m[1m>[22m[39m[90m 49 |[39m     [36mconst[39m caller [33m=[39m [32m`${context.getClass()?.name ?? 'Unknown'}::${context.getHandler()?.name ?? 'handler'}`[39m[33m;[39m
     [90m    |[39m                               [31m[1m^[22m[39m
     [90m 50 |[39m
     [90m 51 |[39m     [36mif[39m ([36mthis[39m[33m.[39mshouldSkipLogging(request[33m.[39murl)) {
     [90m 52 |[39m       [36mreturn[39m next[33m.[39mhandle()[33m;[39m[0m

      at LoggingInterceptor.intercept (src/modules/shared/interceptors/logging/logging.interceptor.ts:49:31)
      at Object.<anonymous> (src/modules/shared/interceptors/logging/logging.interceptor.unit.spec.ts:225:19)

FAIL 🧪 Unit Tests src/modules/phone/entities/phone.entity.unit.spec.ts
  ● Phone Entity - Unit Tests › Phone constructor › should have all required properties defined after instantiation

    expect(received).toHaveProperty(path)

    Expected path: "country"
    Received path: []

    Received value: {"createdAt": undefined, "id": undefined, "isVerified": undefined, "number": undefined, "type": undefined}

    [0m [90m 15 |[39m
     [90m 16 |[39m       expect(phone)[33m.[39mtoHaveProperty([32m'id'[39m)[33m;[39m
    [31m[1m>[22m[39m[90m 17 |[39m       expect(phone)[33m.[39mtoHaveProperty([32m'country'[39m)[33m;[39m
     [90m    |[39m                     [31m[1m^[22m[39m
     [90m 18 |[39m       expect(phone)[33m.[39mtoHaveProperty([32m'area'[39m)[33m;[39m
     [90m 19 |[39m       expect(phone)[33m.[39mtoHaveProperty([32m'number'[39m)[33m;[39m
     [90m 20 |[39m       expect(phone)[33m.[39mtoHaveProperty([32m'userId'[39m)[33m;[39m[0m

      at Object.<anonymous> (src/modules/phone/entities/phone.entity.unit.spec.ts:17:21)

  ● Phone Entity - Unit Tests › Phone relationship management › should have user relationship property

    expect(received).toHaveProperty(path)

    Expected path: "user"
    Received path: []

    Received value: {"createdAt": undefined, "id": undefined, "isVerified": undefined, "number": undefined, "type": undefined}

    [0m [90m 151 |[39m       [36mconst[39m phone [33m=[39m [36mnew[39m [33mPhone[39m()[33m;[39m
     [90m 152 |[39m
    [31m[1m>[22m[39m[90m 153 |[39m       expect(phone)[33m.[39mtoHaveProperty([32m'user'[39m)[33m;[39m
     [90m     |[39m                     [31m[1m^[22m[39m
     [90m 154 |[39m     })[33m;[39m
     [90m 155 |[39m
     [90m 156 |[39m     it([32m'should correlate userId with user relationship'[39m[33m,[39m () [33m=>[39m {[0m

      at Object.<anonymous> (src/modules/phone/entities/phone.entity.unit.spec.ts:153:21)

  ● Phone Entity - Unit Tests › Phone relationship management › should correlate userId with user relationship

    expect(received).toHaveProperty(path)

    Expected path: "user"
    Received path: []

    Received value: {"createdAt": undefined, "id": undefined, "isVerified": undefined, "number": undefined, "type": undefined, "userId": "550e8400-e29b-41d4-a716-446655440000"}

    [0m [90m 161 |[39m
     [90m 162 |[39m       expect(phone[33m.[39muserId)[33m.[39mtoBe(userId)[33m;[39m
    [31m[1m>[22m[39m[90m 163 |[39m       expect(phone)[33m.[39mtoHaveProperty([32m'user'[39m)[33m;[39m
     [90m     |[39m                     [31m[1m^[22m[39m
     [90m 164 |[39m     })[33m;[39m
     [90m 165 |[39m   })[33m;[39m
     [90m 166 |[39m })[33m;[39m[0m

      at Object.<anonymous> (src/modules/phone/entities/phone.entity.unit.spec.ts:163:21)

PASS 🧪 Unit Tests test/unit/compliance-audit.unit.spec.ts
PASS 🧪 Unit Tests src/modules/shared/providers/log/log.utils.unit.spec.ts
FAIL 🧪 Unit Tests src/modules/user/repositories/user-address.repository.extended.unit.spec.ts
  ● UserAddressRepository - Extended Coverage - Unit Tests › findByUserIdAndType › should find user addresses by type

    TypeError: repository.findByUserIdAndType is not a function

    [0m [90m 127 |[39m       mockTypeormRepo[33m.[39mfind[33m.[39mmockResolvedValue(userAddresses)[33m;[39m
     [90m 128 |[39m
    [31m[1m>[22m[39m[90m 129 |[39m       [36mconst[39m result [33m=[39m [36mawait[39m repository[33m.[39mfindByUserIdAndType(userId[33m,[39m type)[33m;[39m
     [90m     |[39m                                       [31m[1m^[22m[39m
     [90m 130 |[39m
     [90m 131 |[39m       expect(result)[33m.[39mtoEqual(userAddresses)[33m;[39m
     [90m 132 |[39m       expect(mockTypeormRepo[33m.[39mfind)[33m.[39mtoHaveBeenCalledWith({[0m

      at Object.<anonymous> (src/modules/user/repositories/user-address.repository.extended.unit.spec.ts:129:39)

  ● UserAddressRepository - Extended Coverage - Unit Tests › findByUserIdAndType › should return empty array when no addresses found for type

    TypeError: repository.findByUserIdAndType is not a function

    [0m [90m 139 |[39m       mockTypeormRepo[33m.[39mfind[33m.[39mmockResolvedValue([])[33m;[39m
     [90m 140 |[39m
    [31m[1m>[22m[39m[90m 141 |[39m       [36mconst[39m result [33m=[39m [36mawait[39m repository[33m.[39mfindByUserIdAndType([32m'user-1'[39m[33m,[39m [32m'NONEXISTENT'[39m)[33m;[39m
     [90m     |[39m                                       [31m[1m^[22m[39m
     [90m 142 |[39m
     [90m 143 |[39m       expect(result)[33m.[39mtoEqual([])[33m;[39m
     [90m 144 |[39m     })[33m;[39m[0m

      at Object.<anonymous> (src/modules/user/repositories/user-address.repository.extended.unit.spec.ts:141:39)

  ● UserAddressRepository - Extended Coverage - Unit Tests › findByUserIdAndType › should handle different address types

    TypeError: repository.findByUserIdAndType is not a function

    [0m [90m 151 |[39m
     [90m 152 |[39m       [36mfor[39m ([36mconst[39m type [36mof[39m types) {
    [31m[1m>[22m[39m[90m 153 |[39m         [36mawait[39m repository[33m.[39mfindByUserIdAndType(userId[33m,[39m type)[33m;[39m
     [90m     |[39m                          [31m[1m^[22m[39m
     [90m 154 |[39m         expect(mockTypeormRepo[33m.[39mfind)[33m.[39mtoHaveBeenCalledWith({
     [90m 155 |[39m           where[33m:[39m { userId[33m,[39m type }[33m,[39m
     [90m 156 |[39m           relations[33m:[39m [[32m'address'[39m][33m,[39m[0m

      at Object.<anonymous> (src/modules/user/repositories/user-address.repository.extended.unit.spec.ts:153:26)

FAIL 🧪 Unit Tests src/modules/health/health.controller.unit.spec.ts
  ● HealthController - Unit Tests › check › should return health check response

    expect(received).toHaveProperty(path)

    Expected path: "status"
    Received path: []

    Received value: Promise {}

    [0m [90m 81 |[39m       [90m// Assert[39m
     [90m 82 |[39m       expect(result)[33m.[39mtoBeDefined()[33m;[39m
    [31m[1m>[22m[39m[90m 83 |[39m       expect(result)[33m.[39mtoHaveProperty([32m'status'[39m)[33m;[39m
     [90m    |[39m                      [31m[1m^[22m[39m
     [90m 84 |[39m       expect(result)[33m.[39mtoHaveProperty([32m'message'[39m)[33m;[39m
     [90m 85 |[39m       expect(result[33m.[39mstatus)[33m.[39mtoBe([36mtrue[39m)[33m;[39m
     [90m 86 |[39m     })[33m;[39m[0m

      at Object.<anonymous> (src/modules/health/health.controller.unit.spec.ts:83:22)

  ● HealthController - Unit Tests › check › should propagate service response

    expect(received).toEqual(expected) // deep equality

    - Expected  - 4
    + Received  + 1

    - Object {
    -   "message": "Service is healthy",
    -   "status": true,
    - }
    + Promise {}

    [0m [90m  99 |[39m
     [90m 100 |[39m       [90m// Assert[39m
    [31m[1m>[22m[39m[90m 101 |[39m       expect(result)[33m.[39mtoEqual(mockResponse)[33m;[39m
     [90m     |[39m                      [31m[1m^[22m[39m
     [90m 102 |[39m     })[33m;[39m
     [90m 103 |[39m
     [90m 104 |[39m     it([32m'should handle service errors'[39m[33m,[39m [36masync[39m () [33m=>[39m {[0m

      at Object.<anonymous> (src/modules/health/health.controller.unit.spec.ts:101:22)

  ● HealthController - Unit Tests › Integration Tests - Controller → Service Pipeline › should controller and service work together

    expect(received).toHaveProperty(path)

    Expected path: "status"
    Received path: []

    Received value: Promise {}

    [0m [90m 163 |[39m       [90m// Assert[39m
     [90m 164 |[39m       expect(result)[33m.[39mtoBeDefined()[33m;[39m
    [31m[1m>[22m[39m[90m 165 |[39m       expect(result)[33m.[39mtoHaveProperty([32m'status'[39m)[33m;[39m
     [90m     |[39m                      [31m[1m^[22m[39m
     [90m 166 |[39m       expect(result[33m.[39mstatus)[33m.[39mtoBe([36mtrue[39m)[33m;[39m
     [90m 167 |[39m     })[33m;[39m
     [90m 168 |[39m[0m

      at Object.<anonymous> (src/modules/health/health.controller.unit.spec.ts:165:22)

  ● HealthController - Unit Tests › Integration Tests - Controller → Service Pipeline › should preserve response structure through pipeline

    expect(received).toHaveProperty(path)

    Expected path: "status"
    Received path: []

    Received value: Promise {}

    [0m [90m 199 |[39m
     [90m 200 |[39m       [90m// Assert[39m
    [31m[1m>[22m[39m[90m 201 |[39m       expect(result)[33m.[39mtoHaveProperty([32m'status'[39m)[33m;[39m
     [90m     |[39m                      [31m[1m^[22m[39m
     [90m 202 |[39m       expect(result)[33m.[39mtoHaveProperty([32m'message'[39m)[33m;[39m
     [90m 203 |[39m       expect([36mtypeof[39m result[33m.[39mstatus)[33m.[39mtoBe([32m'boolean'[39m)[33m;[39m
     [90m 204 |[39m       expect([36mtypeof[39m result[33m.[39mmessage)[33m.[39mtoBe([32m'string'[39m)[33m;[39m[0m

      at Object.<anonymous> (src/modules/health/health.controller.unit.spec.ts:201:22)

  ● HealthController - Unit Tests › Integration Tests - Controller → Service Pipeline › should handle consistent health status

    expect(received).toBe(expected) // Object.is equality

    Expected: true
    Received: undefined

    [0m [90m 222 |[39m       [90m// Assert[39m
     [90m 223 |[39m       expect(result1[33m.[39mstatus)[33m.[39mtoBe(result2[33m.[39mstatus)[33m;[39m
    [31m[1m>[22m[39m[90m 224 |[39m       expect(result1[33m.[39mstatus)[33m.[39mtoBe([36mtrue[39m)[33m;[39m
     [90m     |[39m                              [31m[1m^[22m[39m
     [90m 225 |[39m     })[33m;[39m
     [90m 226 |[39m   })[33m;[39m
     [90m 227 |[39m[0m

      at Object.<anonymous> (src/modules/health/health.controller.unit.spec.ts:224:30)

PASS 🧪 Unit Tests src/modules/error/factories/user.error.factory.unit.spec.ts
PASS 🧪 Unit Tests src/modules/auth/service/auth.login-session.service.unit.spec.ts
PASS 🧪 Unit Tests src/modules/shared/providers/log/log.provider.unit.spec.ts
PASS 🧪 Unit Tests src/modules/address/factories/address.error.factory.unit.spec.ts
PASS 🧪 Unit Tests src/modules/user/user.controller.unit.spec.ts
  ● Console

    console.error
      Failed to invalidate cache: TypeError: Cannot read properties of undefined (reading 'del')
          at UserController.create (C:\Users\caio_\Documents\repositorios\domestic-backend-api\src\modules\user\infrastructure\user.controller.ts:41:32)
          at processTicksAndRejections (node:internal/process/task_queues:103:5)
          at Object.<anonymous> (C:\Users\caio_\Documents\repositorios\domestic-backend-api\src\modules\user\infrastructure\user.controller.unit.spec.ts:33:22)

    [0m [90m 41 |[39m       [36mawait[39m [36mthis[39m[33m.[39mcacheProvider[33m.[39mdel([32m'users:list'[39m)[33m;[39m
     [90m 42 |[39m     } [36mcatch[39m (error) {
    [31m[1m>[22m[39m[90m 43 |[39m       console[33m.[39merror([32m'Failed to invalidate cache:'[39m[33m,[39m error)[33m;[39m
     [90m    |[39m               [31m[1m^[22m[39m
     [90m 44 |[39m     }
     [90m 45 |[39m
     [90m 46 |[39m     [36mreturn[39m user[33m;[39m[0m

      at UserController.create (src/modules/user/user.controller.ts:43:15)
      at Object.<anonymous> (src/modules/user/user.controller.unit.spec.ts:33:22)

    console.error
      Failed to invalidate cache: TypeError: Cannot read properties of undefined (reading 'del')
          at UserController.create (C:\Users\caio_\Documents\repositorios\domestic-backend-api\src\modules\user\infrastructure\user.controller.ts:41:32)
          at processTicksAndRejections (node:internal/process/task_queues:103:5)
          at Object.<anonymous> (C:\Users\caio_\Documents\repositorios\domestic-backend-api\src\modules\user\infrastructure\user.controller.unit.spec.ts:49:7)

    [0m [90m 41 |[39m       [36mawait[39m [36mthis[39m[33m.[39mcacheProvider[33m.[39mdel([32m'users:list'[39m)[33m;[39m
     [90m 42 |[39m     } [36mcatch[39m (error) {
    [31m[1m>[22m[39m[90m 43 |[39m       console[33m.[39merror([32m'Failed to invalidate cache:'[39m[33m,[39m error)[33m;[39m
     [90m    |[39m               [31m[1m^[22m[39m
     [90m 44 |[39m     }
     [90m 45 |[39m
     [90m 46 |[39m     [36mreturn[39m user[33m;[39m[0m

      at UserController.create (src/modules/user/user.controller.ts:43:15)
      at Object.<anonymous> (src/modules/user/user.controller.unit.spec.ts:49:7)

    console.error
      Failed to invalidate cache: TypeError: Cannot read properties of undefined (reading 'del')
          at UserController.create (C:\Users\caio_\Documents\repositorios\domestic-backend-api\src\modules\user\infrastructure\user.controller.ts:41:32)
          at processTicksAndRejections (node:internal/process/task_queues:103:5)
          at Object.<anonymous> (C:\Users\caio_\Documents\repositorios\domestic-backend-api\src\modules\user\infrastructure\user.controller.unit.spec.ts:73:22)

    [0m [90m 41 |[39m       [36mawait[39m [36mthis[39m[33m.[39mcacheProvider[33m.[39mdel([32m'users:list'[39m)[33m;[39m
     [90m 42 |[39m     } [36mcatch[39m (error) {
    [31m[1m>[22m[39m[90m 43 |[39m       console[33m.[39merror([32m'Failed to invalidate cache:'[39m[33m,[39m error)[33m;[39m
     [90m    |[39m               [31m[1m^[22m[39m
     [90m 44 |[39m     }
     [90m 45 |[39m
     [90m 46 |[39m     [36mreturn[39m user[33m;[39m[0m

      at UserController.create (src/modules/user/user.controller.ts:43:15)
      at Object.<anonymous> (src/modules/user/user.controller.unit.spec.ts:73:22)

    console.error
      Failed to invalidate cache: TypeError: Cannot read properties of undefined (reading 'del')
          at UserController.create (C:\Users\caio_\Documents\repositorios\domestic-backend-api\src\modules\user\infrastructure\user.controller.ts:41:32)
          at processTicksAndRejections (node:internal/process/task_queues:103:5)

    [0m [90m 41 |[39m       [36mawait[39m [36mthis[39m[33m.[39mcacheProvider[33m.[39mdel([32m'users:list'[39m)[33m;[39m
     [90m 42 |[39m     } [36mcatch[39m (error) {
    [31m[1m>[22m[39m[90m 43 |[39m       console[33m.[39merror([32m'Failed to invalidate cache:'[39m[33m,[39m error)[33m;[39m
     [90m    |[39m               [31m[1m^[22m[39m
     [90m 44 |[39m     }
     [90m 45 |[39m
     [90m 46 |[39m     [36mreturn[39m user[33m;[39m[0m

      at UserController.create (src/modules/user/user.controller.ts:43:15)

    console.error
      Failed to invalidate cache: TypeError: Cannot read properties of undefined (reading 'del')
          at UserController.create (C:\Users\caio_\Documents\repositorios\domestic-backend-api\src\modules\user\infrastructure\user.controller.ts:41:32)
          at processTicksAndRejections (node:internal/process/task_queues:103:5)
          at async Promise.all (index 0)
          at Object.<anonymous> (C:\Users\caio_\Documents\repositorios\domestic-backend-api\src\modules\user\infrastructure\user.controller.unit.spec.ts:157:34)

    [0m [90m 41 |[39m       [36mawait[39m [36mthis[39m[33m.[39mcacheProvider[33m.[39mdel([32m'users:list'[39m)[33m;[39m
     [90m 42 |[39m     } [36mcatch[39m (error) {
    [31m[1m>[22m[39m[90m 43 |[39m       console[33m.[39merror([32m'Failed to invalidate cache:'[39m[33m,[39m error)[33m;[39m
     [90m    |[39m               [31m[1m^[22m[39m
     [90m 44 |[39m     }
     [90m 45 |[39m
     [90m 46 |[39m     [36mreturn[39m user[33m;[39m[0m

      at UserController.create (src/modules/user/user.controller.ts:43:15)
          at async Promise.all (index 0)
      at Object.<anonymous> (src/modules/user/user.controller.unit.spec.ts:157:34)

    console.error
      Failed to invalidate cache: TypeError: Cannot read properties of undefined (reading 'del')
          at UserController.create (C:\Users\caio_\Documents\repositorios\domestic-backend-api\src\modules\user\infrastructure\user.controller.ts:41:32)
          at processTicksAndRejections (node:internal/process/task_queues:103:5)
          at async Promise.all (index 1)
          at Object.<anonymous> (C:\Users\caio_\Documents\repositorios\domestic-backend-api\src\modules\user\infrastructure\user.controller.unit.spec.ts:157:34)

    [0m [90m 41 |[39m       [36mawait[39m [36mthis[39m[33m.[39mcacheProvider[33m.[39mdel([32m'users:list'[39m)[33m;[39m
     [90m 42 |[39m     } [36mcatch[39m (error) {
    [31m[1m>[22m[39m[90m 43 |[39m       console[33m.[39merror([32m'Failed to invalidate cache:'[39m[33m,[39m error)[33m;[39m
     [90m    |[39m               [31m[1m^[22m[39m
     [90m 44 |[39m     }
     [90m 45 |[39m
     [90m 46 |[39m     [36mreturn[39m user[33m;[39m[0m

      at UserController.create (src/modules/user/user.controller.ts:43:15)
          at async Promise.all (index 1)
      at Object.<anonymous> (src/modules/user/user.controller.unit.spec.ts:157:34)

    console.error
      Failed to invalidate cache: TypeError: Cannot read properties of undefined (reading 'del')
          at UserController.create (C:\Users\caio_\Documents\repositorios\domestic-backend-api\src\modules\user\infrastructure\user.controller.ts:41:32)
          at processTicksAndRejections (node:internal/process/task_queues:103:5)
          at Object.<anonymous> (C:\Users\caio_\Documents\repositorios\domestic-backend-api\src\modules\user\infrastructure\user.controller.unit.spec.ts:180:7)

    [0m [90m 41 |[39m       [36mawait[39m [36mthis[39m[33m.[39mcacheProvider[33m.[39mdel([32m'users:list'[39m)[33m;[39m
     [90m 42 |[39m     } [36mcatch[39m (error) {
    [31m[1m>[22m[39m[90m 43 |[39m       console[33m.[39merror([32m'Failed to invalidate cache:'[39m[33m,[39m error)[33m;[39m
     [90m    |[39m               [31m[1m^[22m[39m
     [90m 44 |[39m     }
     [90m 45 |[39m
     [90m 46 |[39m     [36mreturn[39m user[33m;[39m[0m

      at UserController.create (src/modules/user/user.controller.ts:43:15)
      at Object.<anonymous> (src/modules/user/user.controller.unit.spec.ts:180:7)

FAIL 🧪 Unit Tests src/modules/auth/auth.controller.dummy.unit.spec.ts
  ● AuthController (Dummy) - Unit Tests › login › should be defined

    Nest can't resolve dependencies of the AuthController (?, MockApiClientService). Please make sure that the argument "AUTH_LOGIN_SESSION_SERVICE_PROVIDE" at index [0] is available in the RootTestModule context.

    Potential solutions:
    - Is RootTestModule a valid NestJS module?
    - If "AUTH_LOGIN_SESSION_SERVICE_PROVIDE" is a provider, is it part of the current RootTestModule?
    - If "AUTH_LOGIN_SESSION_SERVICE_PROVIDE" is exported from a separate @Module, is that module imported within RootTestModule?
      @Module({
        imports: [ /* the Module containing "AUTH_LOGIN_SESSION_SERVICE_PROVIDE" */ ]
      })

    For more common dependency resolution issues, see: https://docs.nestjs.com/faq/common-errors

    [0m [90m  7 |[39m
     [90m  8 |[39m   beforeEach([36masync[39m () [33m=>[39m {
    [31m[1m>[22m[39m[90m  9 |[39m     [36mconst[39m moduleRef[33m:[39m [33mTestingModule[39m [33m=[39m [36mawait[39m [33mTest[39m[33m.[39mcreateTestingModule({
     [90m    |[39m                                      [31m[1m^[22m[39m
     [90m 10 |[39m       controllers[33m:[39m [[33mAuthController[39m][33m,[39m
     [90m 11 |[39m     })[33m.[39mcompile()[33m;[39m
     [90m 12 |[39m[0m

      at TestingInjector.lookupComponentInParentModules (node_modules/@nestjs/core/injector/injector.js:290:19)
      at TestingInjector.resolveComponentWrapper (node_modules/@nestjs/testing/testing-injector.js:19:45)
      at resolveParam (node_modules/@nestjs/core/injector/injector.js:140:38)
          at async Promise.all (index 0)
      at TestingInjector.resolveConstructorParams (node_modules/@nestjs/core/injector/injector.js:169:27)
      at TestingInjector.loadInstance (node_modules/@nestjs/core/injector/injector.js:75:13)
      at TestingInjector.loadController (node_modules/@nestjs/core/injector/injector.js:94:9)
      at node_modules/@nestjs/core/injector/instance-loader.js:68:13
          at async Promise.all (index 0)
      at TestingInstanceLoader.createInstancesOfControllers (node_modules/@nestjs/core/injector/instance-loader.js:67:9)
      at node_modules/@nestjs/core/injector/instance-loader.js:42:13
          at async Promise.all (index 1)
      at TestingInstanceLoader.createInstances (node_modules/@nestjs/core/injector/instance-loader.js:39:9)
      at TestingInstanceLoader.createInstancesOfDependencies (node_modules/@nestjs/core/injector/instance-loader.js:22:13)
      at TestingInstanceLoader.createInstancesOfDependencies (node_modules/@nestjs/testing/testing-instance-loader.js:9:9)
      at TestingModuleBuilder.createInstancesOfDependencies (node_modules/@nestjs/testing/testing-module.builder.js:118:9)
      at TestingModuleBuilder.compile (node_modules/@nestjs/testing/testing-module.builder.js:74:9)
      at Object.<anonymous> (src/modules/auth/auth.controller.dummy.unit.spec.ts:9:38)

  ● AuthController (Dummy) - Unit Tests › login › should return not implemented message

    Nest can't resolve dependencies of the AuthController (?, MockApiClientService). Please make sure that the argument "AUTH_LOGIN_SESSION_SERVICE_PROVIDE" at index [0] is available in the RootTestModule context.

    Potential solutions:
    - Is RootTestModule a valid NestJS module?
    - If "AUTH_LOGIN_SESSION_SERVICE_PROVIDE" is a provider, is it part of the current RootTestModule?
    - If "AUTH_LOGIN_SESSION_SERVICE_PROVIDE" is exported from a separate @Module, is that module imported within RootTestModule?
      @Module({
        imports: [ /* the Module containing "AUTH_LOGIN_SESSION_SERVICE_PROVIDE" */ ]
      })

    For more common dependency resolution issues, see: https://docs.nestjs.com/faq/common-errors

    [0m [90m  7 |[39m
     [90m  8 |[39m   beforeEach([36masync[39m () [33m=>[39m {
    [31m[1m>[22m[39m[90m  9 |[39m     [36mconst[39m moduleRef[33m:[39m [33mTestingModule[39m [33m=[39m [36mawait[39m [33mTest[39m[33m.[39mcreateTestingModule({
     [90m    |[39m                                      [31m[1m^[22m[39m
     [90m 10 |[39m       controllers[33m:[39m [[33mAuthController[39m][33m,[39m
     [90m 11 |[39m     })[33m.[39mcompile()[33m;[39m
     [90m 12 |[39m[0m

      at TestingInjector.lookupComponentInParentModules (node_modules/@nestjs/core/injector/injector.js:290:19)
      at TestingInjector.resolveComponentWrapper (node_modules/@nestjs/testing/testing-injector.js:19:45)
      at resolveParam (node_modules/@nestjs/core/injector/injector.js:140:38)
          at async Promise.all (index 0)
      at TestingInjector.resolveConstructorParams (node_modules/@nestjs/core/injector/injector.js:169:27)
      at TestingInjector.loadInstance (node_modules/@nestjs/core/injector/injector.js:75:13)
      at TestingInjector.loadController (node_modules/@nestjs/core/injector/injector.js:94:9)
      at node_modules/@nestjs/core/injector/instance-loader.js:68:13
          at async Promise.all (index 0)
      at TestingInstanceLoader.createInstancesOfControllers (node_modules/@nestjs/core/injector/instance-loader.js:67:9)
      at node_modules/@nestjs/core/injector/instance-loader.js:42:13
          at async Promise.all (index 1)
      at TestingInstanceLoader.createInstances (node_modules/@nestjs/core/injector/instance-loader.js:39:9)
      at TestingInstanceLoader.createInstancesOfDependencies (node_modules/@nestjs/core/injector/instance-loader.js:22:13)
      at TestingInstanceLoader.createInstancesOfDependencies (node_modules/@nestjs/testing/testing-instance-loader.js:9:9)
      at TestingModuleBuilder.createInstancesOfDependencies (node_modules/@nestjs/testing/testing-module.builder.js:118:9)
      at TestingModuleBuilder.compile (node_modules/@nestjs/testing/testing-module.builder.js:74:9)
      at Object.<anonymous> (src/modules/auth/auth.controller.dummy.unit.spec.ts:9:38)

  ● AuthController (Dummy) - Unit Tests › login › should return an object with message property

    Nest can't resolve dependencies of the AuthController (?, MockApiClientService). Please make sure that the argument "AUTH_LOGIN_SESSION_SERVICE_PROVIDE" at index [0] is available in the RootTestModule context.

    Potential solutions:
    - Is RootTestModule a valid NestJS module?
    - If "AUTH_LOGIN_SESSION_SERVICE_PROVIDE" is a provider, is it part of the current RootTestModule?
    - If "AUTH_LOGIN_SESSION_SERVICE_PROVIDE" is exported from a separate @Module, is that module imported within RootTestModule?
      @Module({
        imports: [ /* the Module containing "AUTH_LOGIN_SESSION_SERVICE_PROVIDE" */ ]
      })

    For more common dependency resolution issues, see: https://docs.nestjs.com/faq/common-errors

    [0m [90m  7 |[39m
     [90m  8 |[39m   beforeEach([36masync[39m () [33m=>[39m {
    [31m[1m>[22m[39m[90m  9 |[39m     [36mconst[39m moduleRef[33m:[39m [33mTestingModule[39m [33m=[39m [36mawait[39m [33mTest[39m[33m.[39mcreateTestingModule({
     [90m    |[39m                                      [31m[1m^[22m[39m
     [90m 10 |[39m       controllers[33m:[39m [[33mAuthController[39m][33m,[39m
     [90m 11 |[39m     })[33m.[39mcompile()[33m;[39m
     [90m 12 |[39m[0m

      at TestingInjector.lookupComponentInParentModules (node_modules/@nestjs/core/injector/injector.js:290:19)
      at TestingInjector.resolveComponentWrapper (node_modules/@nestjs/testing/testing-injector.js:19:45)
      at resolveParam (node_modules/@nestjs/core/injector/injector.js:140:38)
          at async Promise.all (index 0)
      at TestingInjector.resolveConstructorParams (node_modules/@nestjs/core/injector/injector.js:169:27)
      at TestingInjector.loadInstance (node_modules/@nestjs/core/injector/injector.js:75:13)
      at TestingInjector.loadController (node_modules/@nestjs/core/injector/injector.js:94:9)
      at node_modules/@nestjs/core/injector/instance-loader.js:68:13
          at async Promise.all (index 0)
      at TestingInstanceLoader.createInstancesOfControllers (node_modules/@nestjs/core/injector/instance-loader.js:67:9)
      at node_modules/@nestjs/core/injector/instance-loader.js:42:13
          at async Promise.all (index 1)
      at TestingInstanceLoader.createInstances (node_modules/@nestjs/core/injector/instance-loader.js:39:9)
      at TestingInstanceLoader.createInstancesOfDependencies (node_modules/@nestjs/core/injector/instance-loader.js:22:13)
      at TestingInstanceLoader.createInstancesOfDependencies (node_modules/@nestjs/testing/testing-instance-loader.js:9:9)
      at TestingModuleBuilder.createInstancesOfDependencies (node_modules/@nestjs/testing/testing-module.builder.js:118:9)
      at TestingModuleBuilder.compile (node_modules/@nestjs/testing/testing-module.builder.js:74:9)
      at Object.<anonymous> (src/modules/auth/auth.controller.dummy.unit.spec.ts:9:38)

  ● AuthController (Dummy) - Unit Tests › register › should be defined

    Nest can't resolve dependencies of the AuthController (?, MockApiClientService). Please make sure that the argument "AUTH_LOGIN_SESSION_SERVICE_PROVIDE" at index [0] is available in the RootTestModule context.

    Potential solutions:
    - Is RootTestModule a valid NestJS module?
    - If "AUTH_LOGIN_SESSION_SERVICE_PROVIDE" is a provider, is it part of the current RootTestModule?
    - If "AUTH_LOGIN_SESSION_SERVICE_PROVIDE" is exported from a separate @Module, is that module imported within RootTestModule?
      @Module({
        imports: [ /* the Module containing "AUTH_LOGIN_SESSION_SERVICE_PROVIDE" */ ]
      })

    For more common dependency resolution issues, see: https://docs.nestjs.com/faq/common-errors

    [0m [90m  7 |[39m
     [90m  8 |[39m   beforeEach([36masync[39m () [33m=>[39m {
    [31m[1m>[22m[39m[90m  9 |[39m     [36mconst[39m moduleRef[33m:[39m [33mTestingModule[39m [33m=[39m [36mawait[39m [33mTest[39m[33m.[39mcreateTestingModule({
     [90m    |[39m                                      [31m[1m^[22m[39m
     [90m 10 |[39m       controllers[33m:[39m [[33mAuthController[39m][33m,[39m
     [90m 11 |[39m     })[33m.[39mcompile()[33m;[39m
     [90m 12 |[39m[0m

      at TestingInjector.lookupComponentInParentModules (node_modules/@nestjs/core/injector/injector.js:290:19)
      at TestingInjector.resolveComponentWrapper (node_modules/@nestjs/testing/testing-injector.js:19:45)
      at resolveParam (node_modules/@nestjs/core/injector/injector.js:140:38)
          at async Promise.all (index 0)
      at TestingInjector.resolveConstructorParams (node_modules/@nestjs/core/injector/injector.js:169:27)
      at TestingInjector.loadInstance (node_modules/@nestjs/core/injector/injector.js:75:13)
      at TestingInjector.loadController (node_modules/@nestjs/core/injector/injector.js:94:9)
      at node_modules/@nestjs/core/injector/instance-loader.js:68:13
          at async Promise.all (index 0)
      at TestingInstanceLoader.createInstancesOfControllers (node_modules/@nestjs/core/injector/instance-loader.js:67:9)
      at node_modules/@nestjs/core/injector/instance-loader.js:42:13
          at async Promise.all (index 1)
      at TestingInstanceLoader.createInstances (node_modules/@nestjs/core/injector/instance-loader.js:39:9)
      at TestingInstanceLoader.createInstancesOfDependencies (node_modules/@nestjs/core/injector/instance-loader.js:22:13)
      at TestingInstanceLoader.createInstancesOfDependencies (node_modules/@nestjs/testing/testing-instance-loader.js:9:9)
      at TestingModuleBuilder.createInstancesOfDependencies (node_modules/@nestjs/testing/testing-module.builder.js:118:9)
      at TestingModuleBuilder.compile (node_modules/@nestjs/testing/testing-module.builder.js:74:9)
      at Object.<anonymous> (src/modules/auth/auth.controller.dummy.unit.spec.ts:9:38)

  ● AuthController (Dummy) - Unit Tests › register › should return not implemented message

    Nest can't resolve dependencies of the AuthController (?, MockApiClientService). Please make sure that the argument "AUTH_LOGIN_SESSION_SERVICE_PROVIDE" at index [0] is available in the RootTestModule context.

    Potential solutions:
    - Is RootTestModule a valid NestJS module?
    - If "AUTH_LOGIN_SESSION_SERVICE_PROVIDE" is a provider, is it part of the current RootTestModule?
    - If "AUTH_LOGIN_SESSION_SERVICE_PROVIDE" is exported from a separate @Module, is that module imported within RootTestModule?
      @Module({
        imports: [ /* the Module containing "AUTH_LOGIN_SESSION_SERVICE_PROVIDE" */ ]
      })

    For more common dependency resolution issues, see: https://docs.nestjs.com/faq/common-errors

    [0m [90m  7 |[39m
     [90m  8 |[39m   beforeEach([36masync[39m () [33m=>[39m {
    [31m[1m>[22m[39m[90m  9 |[39m     [36mconst[39m moduleRef[33m:[39m [33mTestingModule[39m [33m=[39m [36mawait[39m [33mTest[39m[33m.[39mcreateTestingModule({
     [90m    |[39m                                      [31m[1m^[22m[39m
     [90m 10 |[39m       controllers[33m:[39m [[33mAuthController[39m][33m,[39m
     [90m 11 |[39m     })[33m.[39mcompile()[33m;[39m
     [90m 12 |[39m[0m

      at TestingInjector.lookupComponentInParentModules (node_modules/@nestjs/core/injector/injector.js:290:19)
      at TestingInjector.resolveComponentWrapper (node_modules/@nestjs/testing/testing-injector.js:19:45)
      at resolveParam (node_modules/@nestjs/core/injector/injector.js:140:38)
          at async Promise.all (index 0)
      at TestingInjector.resolveConstructorParams (node_modules/@nestjs/core/injector/injector.js:169:27)
      at TestingInjector.loadInstance (node_modules/@nestjs/core/injector/injector.js:75:13)
      at TestingInjector.loadController (node_modules/@nestjs/core/injector/injector.js:94:9)
      at node_modules/@nestjs/core/injector/instance-loader.js:68:13
          at async Promise.all (index 0)
      at TestingInstanceLoader.createInstancesOfControllers (node_modules/@nestjs/core/injector/instance-loader.js:67:9)
      at node_modules/@nestjs/core/injector/instance-loader.js:42:13
          at async Promise.all (index 1)
      at TestingInstanceLoader.createInstances (node_modules/@nestjs/core/injector/instance-loader.js:39:9)
      at TestingInstanceLoader.createInstancesOfDependencies (node_modules/@nestjs/core/injector/instance-loader.js:22:13)
      at TestingInstanceLoader.createInstancesOfDependencies (node_modules/@nestjs/testing/testing-instance-loader.js:9:9)
      at TestingModuleBuilder.createInstancesOfDependencies (node_modules/@nestjs/testing/testing-module.builder.js:118:9)
      at TestingModuleBuilder.compile (node_modules/@nestjs/testing/testing-module.builder.js:74:9)
      at Object.<anonymous> (src/modules/auth/auth.controller.dummy.unit.spec.ts:9:38)

  ● AuthController (Dummy) - Unit Tests › register › should return an object with message property

    Nest can't resolve dependencies of the AuthController (?, MockApiClientService). Please make sure that the argument "AUTH_LOGIN_SESSION_SERVICE_PROVIDE" at index [0] is available in the RootTestModule context.

    Potential solutions:
    - Is RootTestModule a valid NestJS module?
    - If "AUTH_LOGIN_SESSION_SERVICE_PROVIDE" is a provider, is it part of the current RootTestModule?
    - If "AUTH_LOGIN_SESSION_SERVICE_PROVIDE" is exported from a separate @Module, is that module imported within RootTestModule?
      @Module({
        imports: [ /* the Module containing "AUTH_LOGIN_SESSION_SERVICE_PROVIDE" */ ]
      })

    For more common dependency resolution issues, see: https://docs.nestjs.com/faq/common-errors

    [0m [90m  7 |[39m
     [90m  8 |[39m   beforeEach([36masync[39m () [33m=>[39m {
    [31m[1m>[22m[39m[90m  9 |[39m     [36mconst[39m moduleRef[33m:[39m [33mTestingModule[39m [33m=[39m [36mawait[39m [33mTest[39m[33m.[39mcreateTestingModule({
     [90m    |[39m                                      [31m[1m^[22m[39m
     [90m 10 |[39m       controllers[33m:[39m [[33mAuthController[39m][33m,[39m
     [90m 11 |[39m     })[33m.[39mcompile()[33m;[39m
     [90m 12 |[39m[0m

      at TestingInjector.lookupComponentInParentModules (node_modules/@nestjs/core/injector/injector.js:290:19)
      at TestingInjector.resolveComponentWrapper (node_modules/@nestjs/testing/testing-injector.js:19:45)
      at resolveParam (node_modules/@nestjs/core/injector/injector.js:140:38)
          at async Promise.all (index 0)
      at TestingInjector.resolveConstructorParams (node_modules/@nestjs/core/injector/injector.js:169:27)
      at TestingInjector.loadInstance (node_modules/@nestjs/core/injector/injector.js:75:13)
      at TestingInjector.loadController (node_modules/@nestjs/core/injector/injector.js:94:9)
      at node_modules/@nestjs/core/injector/instance-loader.js:68:13
          at async Promise.all (index 0)
      at TestingInstanceLoader.createInstancesOfControllers (node_modules/@nestjs/core/injector/instance-loader.js:67:9)
      at node_modules/@nestjs/core/injector/instance-loader.js:42:13
          at async Promise.all (index 1)
      at TestingInstanceLoader.createInstances (node_modules/@nestjs/core/injector/instance-loader.js:39:9)
      at TestingInstanceLoader.createInstancesOfDependencies (node_modules/@nestjs/core/injector/instance-loader.js:22:13)
      at TestingInstanceLoader.createInstancesOfDependencies (node_modules/@nestjs/testing/testing-instance-loader.js:9:9)
      at TestingModuleBuilder.createInstancesOfDependencies (node_modules/@nestjs/testing/testing-module.builder.js:118:9)
      at TestingModuleBuilder.compile (node_modules/@nestjs/testing/testing-module.builder.js:74:9)
      at Object.<anonymous> (src/modules/auth/auth.controller.dummy.unit.spec.ts:9:38)

  ● AuthController (Dummy) - Unit Tests › Integration Tests › should both methods return proper response structure

    Nest can't resolve dependencies of the AuthController (?, MockApiClientService). Please make sure that the argument "AUTH_LOGIN_SESSION_SERVICE_PROVIDE" at index [0] is available in the RootTestModule context.

    Potential solutions:
    - Is RootTestModule a valid NestJS module?
    - If "AUTH_LOGIN_SESSION_SERVICE_PROVIDE" is a provider, is it part of the current RootTestModule?
    - If "AUTH_LOGIN_SESSION_SERVICE_PROVIDE" is exported from a separate @Module, is that module imported within RootTestModule?
      @Module({
        imports: [ /* the Module containing "AUTH_LOGIN_SESSION_SERVICE_PROVIDE" */ ]
      })

    For more common dependency resolution issues, see: https://docs.nestjs.com/faq/common-errors

    [0m [90m  7 |[39m
     [90m  8 |[39m   beforeEach([36masync[39m () [33m=>[39m {
    [31m[1m>[22m[39m[90m  9 |[39m     [36mconst[39m moduleRef[33m:[39m [33mTestingModule[39m [33m=[39m [36mawait[39m [33mTest[39m[33m.[39mcreateTestingModule({
     [90m    |[39m                                      [31m[1m^[22m[39m
     [90m 10 |[39m       controllers[33m:[39m [[33mAuthController[39m][33m,[39m
     [90m 11 |[39m     })[33m.[39mcompile()[33m;[39m
     [90m 12 |[39m[0m

      at TestingInjector.lookupComponentInParentModules (node_modules/@nestjs/core/injector/injector.js:290:19)
      at TestingInjector.resolveComponentWrapper (node_modules/@nestjs/testing/testing-injector.js:19:45)
      at resolveParam (node_modules/@nestjs/core/injector/injector.js:140:38)
          at async Promise.all (index 0)
      at TestingInjector.resolveConstructorParams (node_modules/@nestjs/core/injector/injector.js:169:27)
      at TestingInjector.loadInstance (node_modules/@nestjs/core/injector/injector.js:75:13)
      at TestingInjector.loadController (node_modules/@nestjs/core/injector/injector.js:94:9)
      at node_modules/@nestjs/core/injector/instance-loader.js:68:13
          at async Promise.all (index 0)
      at TestingInstanceLoader.createInstancesOfControllers (node_modules/@nestjs/core/injector/instance-loader.js:67:9)
      at node_modules/@nestjs/core/injector/instance-loader.js:42:13
          at async Promise.all (index 1)
      at TestingInstanceLoader.createInstances (node_modules/@nestjs/core/injector/instance-loader.js:39:9)
      at TestingInstanceLoader.createInstancesOfDependencies (node_modules/@nestjs/core/injector/instance-loader.js:22:13)
      at TestingInstanceLoader.createInstancesOfDependencies (node_modules/@nestjs/testing/testing-instance-loader.js:9:9)
      at TestingModuleBuilder.createInstancesOfDependencies (node_modules/@nestjs/testing/testing-module.builder.js:118:9)
      at TestingModuleBuilder.compile (node_modules/@nestjs/testing/testing-module.builder.js:74:9)
      at Object.<anonymous> (src/modules/auth/auth.controller.dummy.unit.spec.ts:9:38)

  ● AuthController (Dummy) - Unit Tests › Integration Tests › should both methods return different messages

    Nest can't resolve dependencies of the AuthController (?, MockApiClientService). Please make sure that the argument "AUTH_LOGIN_SESSION_SERVICE_PROVIDE" at index [0] is available in the RootTestModule context.

    Potential solutions:
    - Is RootTestModule a valid NestJS module?
    - If "AUTH_LOGIN_SESSION_SERVICE_PROVIDE" is a provider, is it part of the current RootTestModule?
    - If "AUTH_LOGIN_SESSION_SERVICE_PROVIDE" is exported from a separate @Module, is that module imported within RootTestModule?
      @Module({
        imports: [ /* the Module containing "AUTH_LOGIN_SESSION_SERVICE_PROVIDE" */ ]
      })

    For more common dependency resolution issues, see: https://docs.nestjs.com/faq/common-errors

    [0m [90m  7 |[39m
     [90m  8 |[39m   beforeEach([36masync[39m () [33m=>[39m {
    [31m[1m>[22m[39m[90m  9 |[39m     [36mconst[39m moduleRef[33m:[39m [33mTestingModule[39m [33m=[39m [36mawait[39m [33mTest[39m[33m.[39mcreateTestingModule({
     [90m    |[39m                                      [31m[1m^[22m[39m
     [90m 10 |[39m       controllers[33m:[39m [[33mAuthController[39m][33m,[39m
     [90m 11 |[39m     })[33m.[39mcompile()[33m;[39m
     [90m 12 |[39m[0m

      at TestingInjector.lookupComponentInParentModules (node_modules/@nestjs/core/injector/injector.js:290:19)
      at TestingInjector.resolveComponentWrapper (node_modules/@nestjs/testing/testing-injector.js:19:45)
      at resolveParam (node_modules/@nestjs/core/injector/injector.js:140:38)
          at async Promise.all (index 0)
      at TestingInjector.resolveConstructorParams (node_modules/@nestjs/core/injector/injector.js:169:27)
      at TestingInjector.loadInstance (node_modules/@nestjs/core/injector/injector.js:75:13)
      at TestingInjector.loadController (node_modules/@nestjs/core/injector/injector.js:94:9)
      at node_modules/@nestjs/core/injector/instance-loader.js:68:13
          at async Promise.all (index 0)
      at TestingInstanceLoader.createInstancesOfControllers (node_modules/@nestjs/core/injector/instance-loader.js:67:9)
      at node_modules/@nestjs/core/injector/instance-loader.js:42:13
          at async Promise.all (index 1)
      at TestingInstanceLoader.createInstances (node_modules/@nestjs/core/injector/instance-loader.js:39:9)
      at TestingInstanceLoader.createInstancesOfDependencies (node_modules/@nestjs/core/injector/instance-loader.js:22:13)
      at TestingInstanceLoader.createInstancesOfDependencies (node_modules/@nestjs/testing/testing-instance-loader.js:9:9)
      at TestingModuleBuilder.createInstancesOfDependencies (node_modules/@nestjs/testing/testing-module.builder.js:118:9)
      at TestingModuleBuilder.compile (node_modules/@nestjs/testing/testing-module.builder.js:74:9)
      at Object.<anonymous> (src/modules/auth/auth.controller.dummy.unit.spec.ts:9:38)

PASS 🧪 Unit Tests src/modules/notification/notification.controller.unit.spec.ts
PASS 🧪 Unit Tests src/modules/phone/repositories/phone.repository.unit.spec.ts
FAIL 🧪 Unit Tests src/modules/user/user.repository.unit.spec.ts
  ● UserRepository - Unit Tests › findByEmail › should find user by email

    TypeError: repository.findByEmail is not a function

    [0m [90m 82 |[39m       mockTypeormRepo[33m.[39mfindOne[33m.[39mmockResolvedValue(user)[33m;[39m
     [90m 83 |[39m
    [31m[1m>[22m[39m[90m 84 |[39m       [36mconst[39m result [33m=[39m [36mawait[39m repository[33m.[39mfindByEmail(email)[33m;[39m
     [90m    |[39m                                       [31m[1m^[22m[39m
     [90m 85 |[39m
     [90m 86 |[39m       expect(result)[33m.[39mtoEqual(user)[33m;[39m
     [90m 87 |[39m       expect(mockTypeormRepo[33m.[39mfindOne)[33m.[39mtoHaveBeenCalledWith({[0m

      at Object.<anonymous> (src/modules/user/user.repository.unit.spec.ts:84:39)

  ● UserRepository - Unit Tests › findByEmail › should return null when user email not found

    TypeError: repository.findByEmail is not a function

    [0m [90m 93 |[39m       mockTypeormRepo[33m.[39mfindOne[33m.[39mmockResolvedValue([36mnull[39m)[33m;[39m
     [90m 94 |[39m
    [31m[1m>[22m[39m[90m 95 |[39m       [36mconst[39m result [33m=[39m [36mawait[39m repository[33m.[39mfindByEmail(faker[33m.[39minternet[33m.[39memail())[33m;[39m
     [90m    |[39m                                       [31m[1m^[22m[39m
     [90m 96 |[39m
     [90m 97 |[39m       expect(result)[33m.[39mtoBeNull()[33m;[39m
     [90m 98 |[39m     })[33m;[39m[0m

      at Object.<anonymous> (src/modules/user/user.repository.unit.spec.ts:95:39)

  ● UserRepository - Unit Tests › findByCpf › should find user by cpf

    TypeError: repository.findByCpf is not a function

    [0m [90m 110 |[39m       mockTypeormRepo[33m.[39mfindOne[33m.[39mmockResolvedValue(user)[33m;[39m
     [90m 111 |[39m
    [31m[1m>[22m[39m[90m 112 |[39m       [36mconst[39m result [33m=[39m [36mawait[39m repository[33m.[39mfindByCpf(cpf)[33m;[39m
     [90m     |[39m                                       [31m[1m^[22m[39m
     [90m 113 |[39m
     [90m 114 |[39m       expect(result)[33m.[39mtoEqual(user)[33m;[39m
     [90m 115 |[39m       expect(mockTypeormRepo[33m.[39mfindOne)[33m.[39mtoHaveBeenCalledWith({[0m

      at Object.<anonymous> (src/modules/user/user.repository.unit.spec.ts:112:39)

  ● UserRepository - Unit Tests › findByCpf › should return null when user cpf not found

    TypeError: repository.findByCpf is not a function

    [0m [90m 121 |[39m       mockTypeormRepo[33m.[39mfindOne[33m.[39mmockResolvedValue([36mnull[39m)[33m;[39m
     [90m 122 |[39m
    [31m[1m>[22m[39m[90m 123 |[39m       [36mconst[39m result [33m=[39m [36mawait[39m repository[33m.[39mfindByCpf([32m'12345678901'[39m)[33m;[39m
     [90m     |[39m                                       [31m[1m^[22m[39m
     [90m 124 |[39m
     [90m 125 |[39m       expect(result)[33m.[39mtoBeNull()[33m;[39m
     [90m 126 |[39m     })[33m;[39m[0m

      at Object.<anonymous> (src/modules/user/user.repository.unit.spec.ts:123:39)

  ● UserRepository - Unit Tests › findByRg › should find user by rg

    TypeError: repository.findByRg is not a function

    [0m [90m 138 |[39m       mockTypeormRepo[33m.[39mfindOne[33m.[39mmockResolvedValue(user)[33m;[39m
     [90m 139 |[39m
    [31m[1m>[22m[39m[90m 140 |[39m       [36mconst[39m result [33m=[39m [36mawait[39m repository[33m.[39mfindByRg(rg)[33m;[39m
     [90m     |[39m                                       [31m[1m^[22m[39m
     [90m 141 |[39m
     [90m 142 |[39m       expect(result)[33m.[39mtoEqual(user)[33m;[39m
     [90m 143 |[39m       expect(mockTypeormRepo[33m.[39mfindOne)[33m.[39mtoHaveBeenCalledWith({[0m

      at Object.<anonymous> (src/modules/user/user.repository.unit.spec.ts:140:39)

  ● UserRepository - Unit Tests › findByRg › should return null when user rg not found

    TypeError: repository.findByRg is not a function

    [0m [90m 149 |[39m       mockTypeormRepo[33m.[39mfindOne[33m.[39mmockResolvedValue([36mnull[39m)[33m;[39m
     [90m 150 |[39m
    [31m[1m>[22m[39m[90m 151 |[39m       [36mconst[39m result [33m=[39m [36mawait[39m repository[33m.[39mfindByRg([32m'123456789'[39m)[33m;[39m
     [90m     |[39m                                       [31m[1m^[22m[39m
     [90m 152 |[39m
     [90m 153 |[39m       expect(result)[33m.[39mtoBeNull()[33m;[39m
     [90m 154 |[39m     })[33m;[39m[0m

      at Object.<anonymous> (src/modules/user/user.repository.unit.spec.ts:151:39)

PASS 🧪 Unit Tests src/modules/phone/factories/phone.error.factory.unit.spec.ts
PASS 🧪 Unit Tests src/modules/shared/interceptors/rate-limit.interceptor.unit.spec.ts
PASS 🧪 Unit Tests src/modules/benchmark/services/snowflake-id-generator.service.unit.spec.ts
PASS 🧪 Unit Tests src/modules/benchmark/presentation/controllers/id-strategy-benchmark.controller.unit.spec.ts
PASS 🧪 Unit Tests src/modules/shared/middleware/security-headers.middleware.unit.spec.ts
PASS 🧪 Unit Tests src/modules/benchmark/entities/benchmark.entities.unit.spec.ts
PASS 🧪 Unit Tests src/modules/address/repositories/address.repository.extended.unit.spec.ts
PASS 🧪 Unit Tests src/modules/shared/entities/user.entity.unit.spec.ts
PASS 🧪 Unit Tests src/modules/benchmark/services/id-strategy-benchmark.service.unit.spec.ts
PASS 🧪 Unit Tests src/modules/shared/repositories/address.repository.unit.spec.ts
PASS 🧪 Unit Tests src/modules/shared/interceptors/logging/logging.config.unit.spec.ts
PASS 🧪 Unit Tests src/modules/health/health.controller.unit.spec.ts
PASS 🧪 Unit Tests src/modules/shared/middleware/csrf.middleware.unit.spec.ts
PASS 🧪 Unit Tests src/modules/user/util/phone.util.unit.spec.ts
PASS 🧪 Unit Tests src/modules/error/filters/error-filter.unit.spec.ts
PASS 🧪 Unit Tests src/modules/user/factories/user-address.error.factory.unit.spec.ts
PASS 🧪 Unit Tests src/modules/auth/auth.exceptions.unit.spec.ts
PASS 🧪 Unit Tests src/modules/shared/entities/address.entity.unit.spec.ts
PASS 🧪 Unit Tests src/modules/user/repositories/user-address.repository.unit.spec.ts (7.203 s)
PASS 🧪 Unit Tests src/modules/error/factories/auth.error.factory.unit.spec.ts
PASS 🧪 Unit Tests src/modules/auth/factories/auth.error.factory.extended.unit.spec.ts
PASS 🧪 Unit Tests src/modules/user/factories/user.error.factory.extended.unit.spec.ts
PASS 🧪 Unit Tests src/modules/shared/entities/phone.entity.unit.spec.ts
PASS 🧪 Unit Tests src/modules/user/user.service.unit.spec.ts
PASS 🧪 Unit Tests src/modules/health/services/health.check.service.unit.spec.ts
PASS 🧪 Unit Tests src/modules/shared/entities/user-address.entity.unit.spec.ts
PASS 🧪 Unit Tests src/modules/user/factories/user.error.factory.unit.spec.ts
PASS 🧪 Unit Tests src/modules/error/factories/method-not-implemented.error.factory.unit.spec.ts
PASS 🧪 Unit Tests src/modules/health/use-cases/health.get.use-case.unit.spec.ts
PASS 🧪 Unit Tests src/modules/error/error-codes/auth.error-codes.unit.spec.ts
PASS 🧪 Unit Tests src/modules/shared/providers/log/log.obfuscator.unit.spec.ts
PASS 🧪 Unit Tests src/modules/error/app.error.extended.unit.spec.ts
PASS 🧪 Unit Tests src/modules/error/factories/rate-limit.error.factory.unit.spec.ts
PASS 🧪 Unit Tests src/modules/user/types/user.types.unit.spec.ts
PASS 🧪 Unit Tests src/modules/error/factories/config.error.factory.unit.spec.ts
PASS 🧪 Unit Tests src/modules/shared/interceptors/logging/logging-config.module.unit.spec.ts
C:\Users\caio_\Documents\repositorios\domestic-backend-api\src\modules\auth\application\use-cases\auth-login-session.use-case.ts:34
            const body = await this.keycloakClient.getTokenWithCredentials(params.email, params.password);
                                                   ^

[TypeError: Cannot read properties of undefined (reading 'getTokenWithCredentials')]

Node.js v22.22.1
FAIL 🧪 Unit Tests src/modules/auth/auth.controller.unit.spec.ts
  ● Test suite failed to run

    Cannot find module './auth.controller' from 'src/modules/auth/auth.controller.unit.spec.ts'

    [0m [90m 4 |[39m [36mimport[39m { [33mAuthLoginSessionRequestDto[39m } [36mfrom[39m [32m'@modules/auth/shared/dtos'[39m[33m;[39m
     [90m 5 |[39m [36mimport[39m { [33mTest[39m[33m,[39m [33mTestingModule[39m } [36mfrom[39m [32m'@nestjs/testing'[39m[33m;[39m
    [31m[1m>[22m[39m[90m 6 |[39m [36mimport[39m { [33mAuthController[39m } [36mfrom[39m [32m'./auth.controller'[39m[33m;[39m
     [90m   |[39m [31m[1m^[22m[39m
     [90m 7 |[39m [36mimport[39m { [33mAUTH_LOGIN_SESSION_SERVICE_PROVIDE[39m } [36mfrom[39m [32m'./auth.token'[39m[33m;[39m
     [90m 8 |[39m
     [90m 9 |[39m [90m// Helper function to generate fake JWT-like tokens for testing[39m[0m

      at Resolver._throwModNotFoundError (node_modules/jest-resolve/build/index.js:863:11)
      at Object.<anonymous> (src/modules/auth/auth.controller.unit.spec.ts:6:1)

C:\Users\caio_\Documents\repositorios\domestic-backend-api\node_modules\expect\build\index.js:2116
  const err = new JestAssertionError();
              ^

[JestAssertionError: expect(received).rejects.toThrow()

Received promise resolved instead of rejected
Resolved to value: undefined] {
  matcherResult: undefined
}

Node.js v22.22.1
C:\Users\caio_\Documents\repositorios\domestic-backend-api\src\modules\auth\application\use-cases\auth-login-session.use-case.ts:34
            const body = await this.keycloakClient.getTokenWithCredentials(params.email, params.password);
                                                   ^

[TypeError: Cannot read properties of undefined (reading 'getTokenWithCredentials')]

Node.js v22.22.1
C:\Users\caio_\Documents\repositorios\domestic-backend-api\src\modules\auth\application\use-cases\auth-login-session.use-case.ts:34
            const body = await this.keycloakClient.getTokenWithCredentials(params.email, params.password);
                                                   ^

[TypeError: Cannot read properties of undefined (reading 'getTokenWithCredentials')]

Node.js v22.22.1
C:\Users\caio_\Documents\repositorios\domestic-backend-api\node_modules\expect\build\index.js:2116
  const err = new JestAssertionError();
              ^

[JestAssertionError: expect(received).rejects.toThrow()

Received promise resolved instead of rejected
Resolved to value: undefined] {
  matcherResult: undefined
}

Node.js v22.22.1
C:\Users\caio_\Documents\repositorios\domestic-backend-api\src\modules\auth\application\use-cases\auth-login-session.use-case.ts:34
            const body = await this.keycloakClient.getTokenWithCredentials(params.email, params.password);
                                                   ^

[TypeError: Cannot read properties of undefined (reading 'getTokenWithCredentials')]

Node.js v22.22.1
FAIL 🧪 Unit Tests src/modules/auth/use-cases/auth-login-session.use-case.unit.spec.ts
  ● Test suite failed to run

    Jest worker encountered 4 child process exceptions, exceeding retry limit

      at ChildProcessWorker.initialize (node_modules/jest-worker/build/index.js:805:21)

C:\Users\caio_\Documents\repositorios\domestic-backend-api\node_modules\expect\build\index.js:2116
  const err = new JestAssertionError();
              ^

[JestAssertionError: expect(received).rejects.toThrow()

Received promise resolved instead of rejected
Resolved to value: undefined] {
  matcherResult: undefined
}

Node.js v22.22.1
C:\Users\caio_\Documents\repositorios\domestic-backend-api\node_modules\expect\build\index.js:2116
  const err = new JestAssertionError();
              ^

[JestAssertionError: expect(received).rejects.toThrow()

Received promise resolved instead of rejected
Resolved to value: undefined] {
  matcherResult: undefined
}

Node.js v22.22.1
FAIL 🧪 Unit Tests src/modules/user/use-cases/create-user.use-case.unit.spec.ts
  ● Test suite failed to run

    Jest worker encountered 4 child process exceptions, exceeding retry limit

      at ChildProcessWorker.initialize (node_modules/jest-worker/build/index.js:805:21)

A worker process has failed to exit gracefully and has been force exited. This is likely caused by tests leaking due to improper teardown. Try running with --detectOpenHandles to find leaks. Active timers can also cause this, ensure that .unref() was called on them.
-------------------------------------------------------------------------|---------|----------|---------|---------|-------------------------------------------------------
File                                                                     | % Stmts | % Branch | % Funcs | % Lines | Uncovered Line #s                                     
-------------------------------------------------------------------------|---------|----------|---------|---------|-------------------------------------------------------
All files                                                                |   43.29 |    64.23 |   64.53 |   43.29 |                                                       
 address/factories                                           |     100 |      100 |     100 |     100 |                                                       
  address.error.factory.ts                                               |     100 |      100 |     100 |     100 |                                                       
 address                                                  |       0 |        0 |       0 |       0 |                                                       
  address.token.ts                                                       |       0 |        0 |       0 |       0 | 1                                                     
 address/repositories                                     |     100 |     90.9 |     100 |     100 |                                                       
  address.repository.ts                                                  |     100 |     90.9 |     100 |     100 | 18                                                    
 auth                                                                    |      43 |        0 |       0 |      43 |                                                       
  auth.controller.ts                                                     |      43 |        0 |       0 |      43 | 44-100                                                
 auth                                                        |    3.33 |        0 |       0 |    3.33 |                                                       
  auth.http.interceptor.ts                                               |       0 |        0 |       0 |       0 | 1-54                                                  
  auth.provider.ts                                                       |       0 |        0 |       0 |       0 | 1-71                                                  
  jwt-auth.guard.ts                                                      |       0 |        0 |       0 |       0 | 1-57                                                  
  mock-api-client.service.ts                                             |   15.15 |        0 |       0 |   15.15 | 11-66                                                 
  roles.decorator.ts                                                     |       0 |        0 |       0 |       0 | 1-8                                                   
  roles.guard.ts                                                         |       0 |        0 |       0 |       0 | 1-44                                                  
 auth/factories                                              |     100 |      100 |     100 |     100 |                                                       
  auth.error.factory.ts                                                  |     100 |      100 |     100 |     100 |                                                       
 auth/use-cases                                              |       0 |        0 |       0 |       0 |                                                       
  auth-login-session.use-case.ts                                         |       0 |        0 |       0 |       0 | 1-56                                                  
 auth                                                             |   98.57 |       75 |      75 |   98.57 |                                                       
  auth.exceptions.ts                                                     |     100 |      100 |     100 |     100 |                                                       
  auth.token.ts                                                          |       0 |        0 |       0 |       0 | 1                                                     
 auth                                                     |     100 |      100 |     100 |     100 |                                                       
  auth.token.ts                                                          |     100 |      100 |     100 |     100 |                                                       
 auth/providers/auth-http                                 |       0 |        0 |       0 |       0 |                                                       
  auth-http.interceptor.token.ts                                         |       0 |        0 |       0 |       0 | 1-6                                                   
 auth/providers/authenticated-http                        |       0 |        0 |       0 |       0 |                                                       
  authenticated.http.provider.token.ts                                   |       0 |        0 |       0 |       0 | 1-6                                                   
  authenticated.http.provider.ts                                         |       0 |        0 |       0 |       0 | 1-373                                                 
 auth/providers/mock-api                                  |     100 |      100 |     100 |     100 |                                                       
  authenticated.mock-api.provider.token.ts                               |     100 |      100 |     100 |     100 |                                                       
 auth/service                                             |     100 |      100 |     100 |     100 |                                                       
  auth.login-session.service.ts                                          |     100 |      100 |     100 |     100 |                                                       
 benchmark/services                                          |     100 |    82.75 |     100 |     100 |                                                       
  id-strategy-benchmark.service.ts                                       |     100 |    82.75 |     100 |     100 | 18-29                                                 
 benchmark/entities                                               |     100 |       20 |     100 |     100 |                                                       
  benchmark.entities.ts                                                  |     100 |       20 |     100 |     100 | 28-34,62-68,96-102,130-136                            
 benchmark/services                                       |   94.39 |    83.33 |     100 |   94.39 |                                                       
  snowflake-id-generator.service.ts                                      |   94.39 |    83.33 |     100 |   94.39 | 52-57                                                 
 benchmark/presentation/controllers                                      |     100 |    68.08 |     100 |     100 |                                                       
  id-strategy-benchmark.controller.ts                                    |     100 |    68.08 |     100 |     100 | 20-32,42-62,71-91,100-120,129-148,187,234,260,274,289 
 error/factories                                             |     100 |      100 |     100 |     100 |                                                       
  auth.error.factory.ts                                                  |     100 |      100 |     100 |     100 |                                                       
  base.error.factory.ts                                                  |     100 |      100 |     100 |     100 |                                                       
  config.error.factory.ts                                                |     100 |      100 |     100 |     100 |                                                       
  method-not-implemented.error.factory.ts                                |     100 |      100 |     100 |     100 |                                                       
  rate-limit.error.factory.ts                                            |     100 |      100 |     100 |     100 |                                                       
  user.error.factory.ts                                                  |     100 |      100 |     100 |     100 |                                                       
 error                                                            |     100 |      100 |     100 |     100 |                                                       
  app.error.ts                                                           |     100 |      100 |     100 |     100 |                                                       
 error/configs                                                    |   97.91 |      100 |   95.23 |   97.91 |                                                       
  auth-error.config.ts                                                   |     100 |      100 |     100 |     100 |                                                       
  config-error.config.ts                                                 |     100 |      100 |     100 |     100 |                                                       
  method-not-implemented-error.config.ts                                 |     100 |      100 |     100 |     100 |                                                       
  rate-limit-error.config.ts                                             |     100 |      100 |     100 |     100 |                                                       
  user-error.config.ts                                                   |   95.08 |      100 |   88.88 |   95.08 | 57-59                                                 
 error/error-codes                                                |     100 |      100 |     100 |     100 |                                                       
  auth.error-codes.ts                                                    |     100 |      100 |     100 |     100 |                                                       
  cache.error-codes.ts                                                   |     100 |      100 |     100 |     100 |                                                       
  config.error-codes.ts                                                  |     100 |      100 |     100 |     100 |                                                       
  method-not-implemented.error-codes.ts                                  |     100 |      100 |     100 |     100 |                                                       
  rate-limit.error-codes.ts                                              |     100 |      100 |     100 |     100 |                                                       
  user.error-codes.ts                                                    |     100 |      100 |     100 |     100 |                                                       
 health/use-cases                                            |     100 |      100 |     100 |     100 |                                                       
  health.get.use-case.ts                                                 |     100 |      100 |     100 |     100 |                                                       
 health                                                   |   23.18 |       75 |      60 |   23.18 |                                                       
  health.controller.ts                                                   |   22.47 |       75 |      60 |   22.47 | 42-92,100-217                                         
  health.token.ts                                                        |     100 |      100 |     100 |     100 |                                                       
 health/services                                          |     100 |      100 |     100 |     100 |                                                       
  health.check.service.ts                                                |     100 |      100 |     100 |     100 |                                                       
 notification/factories                                      |       0 |        0 |       0 |       0 |                                                       
  notification-error.factory.ts                                          |       0 |        0 |       0 |       0 | 1-15                                                  
 notification/interfaces                                     |       0 |        0 |       0 |       0 |                                                       
  notification.interfaces.ts                                             |       0 |        0 |       0 |       0 | 1-80                                                  
 notification/use-cases                                      |       0 |        0 |       0 |       0 |                                                       
  create-notification.use-case.ts                                        |       0 |        0 |       0 |       0 | 1-22                                                  
  delete-notification.use-case.ts                                        |       0 |        0 |       0 |       0 | 1-25                                                  
  get-all-notifications.use-case.ts                                      |       0 |        0 |       0 |       0 | 1-27                                                  
  get-notification.use-case.ts                                           |       0 |        0 |       0 |       0 | 1-27                                                  
  mark-all-as-read.use-case.ts                                           |       0 |        0 |       0 |       0 | 1-23                                                  
  mark-as-read.use-case.ts                                               |       0 |        0 |       0 |       0 | 1-22                                                  
  update-notification.use-case.ts                                        |       0 |        0 |       0 |       0 | 1-23                                                  
 notification                                             |   64.24 |    41.17 |      50 |   64.24 |                                                       
  notification.controller.ts                                             |   94.68 |    43.75 |   55.55 |   94.68 | 133-137,160-161,184-185,205-206                       
  notification.service.ts                                                |       0 |        0 |       0 |       0 | 1-107                                                 
  notification.token.ts                                                  |     100 |      100 |     100 |     100 |                                                       
 notification/repositories                                |       0 |        0 |       0 |       0 |                                                       
  notification.repository.ts                                             |       0 |        0 |       0 |       0 | 1-69                                                  
 notification/shared                                                     |       0 |        0 |       0 |       0 |                                                       
  types.ts                                                               |       0 |        0 |       0 |       0 | 1-100                                                 
 phone/factories                                             |     100 |      100 |     100 |     100 |                                                       
  phone.error.factory.ts                                                 |     100 |      100 |     100 |     100 |                                                       
 phone/entities                                                   |     100 |       50 |      50 |     100 |                                                       
  phone.entity.ts                                                        |     100 |       50 |      50 |     100 | 18                                                    
 phone                                                    |       0 |        0 |       0 |       0 |                                                       
  phone.token.ts                                                         |       0 |        0 |       0 |       0 | 1                                                     
 phone/repositories                                       |     100 |    88.88 |     100 |     100 |                                                       
  phone.repository.ts                                                    |     100 |    88.88 |     100 |     100 | 17                                                    
 shared/factories                                            |     100 |      100 |     100 |     100 |                                                       
  rate-limit.error.factory.ts                                            |     100 |      100 |     100 |     100 |                                                       
 shared/entities                                                  |   34.47 |     5.63 |    6.25 |   34.47 |                                                       
  address.entity.ts                                                      |     100 |    33.33 |   33.33 |     100 | 39-42                                                 
  category.entity.ts                                                     |      25 |        0 |       0 |      25 | 5-16                                                  
  document.entity.ts                                                     |   21.42 |        0 |       0 |   21.42 | 7-28                                                  
  email.entity.ts                                                        |      25 |        0 |       0 |      25 | 5-16                                                  
  notification.entity.ts                                                 |      16 |        0 |       0 |      16 | 5-25                                                  
  phone.entity.ts                                                        |     100 |       50 |      50 |     100 | 21                                                    
  provider-address.entity.ts                                             |   23.33 |        0 |       0 |   23.33 | 8-30                                                  
  provider-document.entity.ts                                            |   16.21 |        0 |       0 |   16.21 | 7-37                                                  
  provider-email.entity.ts                                               |   23.33 |        0 |       0 |   23.33 | 8-30                                                  
  provider-phone.entity.ts                                               |   23.33 |        0 |       0 |   23.33 | 8-30                                                  
  provider-profile.entity.ts                                             |   21.42 |        0 |       0 |   21.42 | 7-28                                                  
  provider-service.entity.ts                                             |   23.33 |        0 |       0 |   23.33 | 8-30                                                  
  provider-verification-log.entity.ts                                    |   17.64 |        0 |       0 |   17.64 | 7-34                                                  
  provider-verification.entity.ts                                        |   19.35 |        0 |       0 |   19.35 | 7-31                                                  
  provider-work-location.entity.ts                                       |   19.44 |        0 |       0 |   19.44 | 8-36                                                  
  review.entity.ts                                                       |   19.51 |        0 |       0 |   19.51 | 9-41                                                  
  service-request.entity.ts                                              |   14.75 |        0 |       0 |   14.75 | 10-61                                                 
  service.entity.ts                                                      |   27.27 |        0 |       0 |   27.27 | 7-22                                                  
  user-address.entity.ts                                                 |     100 |       25 |      25 |     100 | 24-32                                                 
  user-email.entity.ts                                                   |   23.33 |        0 |       0 |   23.33 | 8-30                                                  
  user-phone.entity.ts                                                   |   23.33 |        0 |       0 |   23.33 | 8-30                                                  
  user.entity.ts                                                         |     100 |       50 |      50 |     100 | 19                                                    
 shared/context                                           |   43.75 |        0 |       0 |   43.75 |                                                       
  request-context.service.ts                                             |      28 |        0 |       0 |      28 | 8-25                                                  
  request-context.ts                                                     |     100 |      100 |     100 |     100 |                                                       
 shared/interceptors                                      |    87.2 |    92.85 |   66.66 |    87.2 |                                                       
  rate-limit.interceptor.ts                                              |    87.2 |    92.85 |   66.66 |    87.2 | 104-110,116-124                                       
 shared/interceptors/logging                              |   48.59 |    68.75 |   66.66 |   48.59 |                                                       
  logging.config.ts                                                      |     100 |      100 |     100 |     100 |                                                       
  logging.interceptor.ts                                                 |    37.6 |     37.5 |      60 |    37.6 | 36-37,40-45,52-116                                    
 shared/keycloak                                          |       0 |        0 |       0 |       0 |                                                       
  keycloak.client.ts                                                     |       0 |        0 |       0 |       0 | 1-369                                                 
  keycloak.http.interceptor.ts                                           |       0 |        0 |       0 |       0 | 1-25                                                  
  keycloak.token.ts                                                      |       0 |        0 |       0 |       0 | 1-3                                                   
 shared/middleware                                        |   88.34 |    77.77 |     100 |   88.34 |                                                       
  csrf.middleware.ts                                                     |   83.47 |       75 |     100 |   83.47 | 29-34,58-63,77-83                                     
  security-headers.middleware.ts                                         |     100 |      100 |     100 |     100 |                                                       
 shared/providers/cache                                   |   11.02 |        0 |       0 |   11.02 |                                                       
  cache.provider.ts                                                      |    8.87 |        0 |       0 |    8.87 | 12-124                                                
  cache.token.ts                                                         |     100 |      100 |     100 |     100 |                                                       
 shared/providers/cache/implementations/redis             |   14.01 |        0 |       0 |   14.01 |                                                       
  redis.connection.ts                                                    |   26.66 |      100 |       0 |   26.66 | 5-15                                                  
  redis.provider.ts                                                      |   11.95 |        0 |       0 |   11.95 | 12-92                                                 
 shared/providers/database                                |     100 |      100 |     100 |     100 |                                                       
  database.token.ts                                                      |     100 |      100 |     100 |     100 |                                                       
 shared/providers/database/implementations                |     100 |      100 |     100 |     100 |                                                       
  constant.ts                                                            |     100 |      100 |     100 |     100 |                                                       
 shared/providers/database/implementations/mongo          |      76 |        0 |     100 |      76 |                                                       
  mongo.database-conection.ts                                            |      76 |        0 |     100 |      76 | 15-20                                                 
 shared/providers/database/implementations/postgres       |     100 |      100 |     100 |     100 |                                                       
  postgres.database-connection.ts                                        |     100 |      100 |     100 |     100 |                                                       
 shared/providers/http                                    |   11.64 |        0 |       0 |   11.64 |                                                       
  http.provider.ts                                                       |    9.79 |        0 |       0 |    9.79 | 15-143                                                
  http.token.ts                                                          |     100 |      100 |     100 |     100 |                                                       
 shared/providers/http/implementations/axios              |    6.36 |        0 |       0 |    6.36 |                                                       
  axios.http.provider.ts                                                 |    6.17 |        0 |       0 |    6.17 | 31-486                                                
  axios.http.token.ts                                                    |     100 |      100 |     100 |     100 |                                                       
 shared/providers/http/interceptors                       |       0 |        0 |       0 |       0 |                                                       
  interceptor.http.client.auth.token.ts                                  |       0 |        0 |       0 |       0 | 1-61                                                  
 shared/providers/jwt                                     |       0 |        0 |       0 |       0 |                                                       
  jwt.provider.ts                                                        |       0 |        0 |       0 |       0 | 1-42                                                  
  jwt.token.ts                                                           |       0 |        0 |       0 |       0 | 1-9                                                   
 shared/providers/jwt/implementations/passport            |       0 |        0 |       0 |       0 |                                                       
  passport.jwt.provider.ts                                               |       0 |        0 |       0 |       0 | 1-39                                                  
 shared/providers/log                                     |     100 |       96 |     100 |     100 |                                                       
  log.obfuscator.ts                                                      |     100 |      100 |     100 |     100 |                                                       
  log.provider.ts                                                        |     100 |    85.71 |     100 |     100 | 14                                                    
  log.token.ts                                                           |     100 |      100 |     100 |     100 |                                                       
  log.utils.ts                                                           |     100 |    97.05 |     100 |     100 | 25                                                    
 shared/providers/mock-api                                |    5.31 |        0 |       0 |    5.31 |                                                       
  mock-api.provider.token.ts                                             |       0 |        0 |       0 |       0 | 1-6                                                   
  mock-api.provider.ts                                                   |    5.43 |        0 |       0 |    5.43 | 16-276                                                
 shared/providers/queue/producer                          |   18.18 |        0 |       0 |   18.18 |                                                       
  producer.provider.ts                                                   |       0 |        0 |       0 |       0 | 1-9                                                   
  producer.token.ts                                                      |     100 |      100 |     100 |     100 |                                                       
 shared/providers/queue/producer/implementations/rabbitmq |    6.27 |        0 |       0 |    6.27 |                                                       
  rabbit.bindings.service.ts                                             |   11.42 |        0 |       0 |   11.42 | 9-70                                                  
  rabbit.connection.ts                                                   |     5.2 |      100 |       0 |     5.2 | 7-170                                                 
  rabbit.provider.ts                                                     |    5.89 |        0 |       0 |    5.89 | 28-458                                                
 shared/repositories                                      |     100 |     92.3 |     100 |     100 |                                                       
  address.repository.ts                                                  |     100 |     92.3 |     100 |     100 | 11                                                    
 user/factories                                              |   97.14 |      100 |    92.3 |   97.14 |                                                       
  user-address.error.factory.ts                                          |     100 |      100 |     100 |     100 |                                                       
  user.error.factory.ts                                                  |      95 |      100 |   88.88 |      95 | 18-19                                                 
 user/use-cases                                              |       0 |        0 |       0 |       0 |                                                       
  create-user.use-case.ts                                                |       0 |        0 |       0 |       0 | 1-37                                                  
 user/util                                                   |     100 |      100 |     100 |     100 |                                                       
  phone.util.ts                                                          |     100 |      100 |     100 |     100 |                                                       
 user                                                     |   78.65 |       75 |      80 |   78.65 |                                                       
  user-address.token.ts                                                  |       0 |        0 |       0 |       0 | 1                                                     
  user.controller.ts                                                     |   66.29 |     62.5 |      75 |   66.29 | 59-88                                                 
  user.repository.ts                                                     |   91.83 |     87.5 |   85.71 |   91.83 | 30-33                                                 
  user.service.ts                                                        |     100 |      100 |     100 |     100 |                                                       
  user.token.ts                                                          |     100 |      100 |     100 |     100 |                                                       
 user/repositories                                        |     100 |    92.85 |     100 |     100 |                                                       
  user-address.repository.ts                                             |     100 |    92.85 |     100 |     100 | 18                                                    
-------------------------------------------------------------------------|---------|----------|---------|---------|-------------------------------------------------------
Jest: "global" coverage threshold for statements (50%) not met: 43.29%
Jest: "global" coverage threshold for lines (50%) not met: 43.29%
Summary of all failing tests
FAIL src/modules/error/error-codes/user.error-codes.unit.spec.ts
  ● UserErrorCode - Unit Tests › enum structure › should have all expected error codes

    expect(received).toHaveLength(expected)

    Expected length: 7
    Received length: 9
    Received array:  ["DUPLICATE_EMAIL", "DUPLICATE_CPF", "DUPLICATE_RG", "DUPLICATE_KEYCLOAK_ID", "USER_NOT_FOUND", "INVALID_PASSWORD", "ACCOUNT_DISABLED", "EMAIL_NOT_VERIFIED", "INVALID_USER_TYPE"]

    [0m [90m 36 |[39m     it([32m'should have all expected error codes'[39m[33m,[39m () [33m=>[39m {
     [90m 37 |[39m       [36mconst[39m codes [33m=[39m [33mObject[39m[33m.[39mvalues([33mUserErrorCode[39m)[33m;[39m
    [31m[1m>[22m[39m[90m 38 |[39m       expect(codes)[33m.[39mtoHaveLength([35m7[39m)[33m;[39m
     [90m    |[39m                     [31m[1m^[22m[39m
     [90m 39 |[39m       expect(codes)[33m.[39mtoContain([32m'DUPLICATE_EMAIL'[39m)[33m;[39m
     [90m 40 |[39m       expect(codes)[33m.[39mtoContain([32m'DUPLICATE_CPF'[39m)[33m;[39m
     [90m 41 |[39m       expect(codes)[33m.[39mtoContain([32m'DUPLICATE_RG'[39m)[33m;[39m[0m

      at Object.<anonymous> (src/modules/error/error-codes/user.error-codes.unit.spec.ts:38:21)

FAIL src/modules/shared/interceptors/logging/logging.interceptor.unit.spec.ts
  ● LoggingInterceptor - Unit Tests › intercept › should log request start

    TypeError: context.getClass is not a function

    [0m [90m 47 |[39m   intercept(context[33m:[39m [33mExecutionContext[39m[33m,[39m next[33m:[39m [33mCallHandler[39m)[33m:[39m [33mObservable[39m[33m<[39m[33munknown[39m[33m>[39m {
     [90m 48 |[39m     [36mconst[39m request [33m=[39m context[33m.[39mswitchToHttp()[33m.[39mgetRequest[33m<[39m[33mRequest[39m[33m>[39m()[33m;[39m
    [31m[1m>[22m[39m[90m 49 |[39m     [36mconst[39m caller [33m=[39m [32m`${context.getClass()?.name ?? 'Unknown'}::${context.getHandler()?.name ?? 'handler'}`[39m[33m;[39m
     [90m    |[39m                               [31m[1m^[22m[39m
     [90m 50 |[39m
     [90m 51 |[39m     [36mif[39m ([36mthis[39m[33m.[39mshouldSkipLogging(request[33m.[39murl)) {
     [90m 52 |[39m       [36mreturn[39m next[33m.[39mhandle()[33m;[39m[0m

      at LoggingInterceptor.intercept (src/modules/shared/interceptors/logging/logging.interceptor.ts:49:31)
      at Object.<anonymous> (src/modules/shared/interceptors/logging/logging.interceptor.unit.spec.ts:80:19)

  ● LoggingInterceptor - Unit Tests › intercept › should log completion with duration

    TypeError: context.getClass is not a function

    [0m [90m 47 |[39m   intercept(context[33m:[39m [33mExecutionContext[39m[33m,[39m next[33m:[39m [33mCallHandler[39m)[33m:[39m [33mObservable[39m[33m<[39m[33munknown[39m[33m>[39m {
     [90m 48 |[39m     [36mconst[39m request [33m=[39m context[33m.[39mswitchToHttp()[33m.[39mgetRequest[33m<[39m[33mRequest[39m[33m>[39m()[33m;[39m
    [31m[1m>[22m[39m[90m 49 |[39m     [36mconst[39m caller [33m=[39m [32m`${context.getClass()?.name ?? 'Unknown'}::${context.getHandler()?.name ?? 'handler'}`[39m[33m;[39m
     [90m    |[39m                               [31m[1m^[22m[39m
     [90m 50 |[39m
     [90m 51 |[39m     [36mif[39m ([36mthis[39m[33m.[39mshouldSkipLogging(request[33m.[39murl)) {
     [90m 52 |[39m       [36mreturn[39m next[33m.[39mhandle()[33m;[39m[0m

      at LoggingInterceptor.intercept (src/modules/shared/interceptors/logging/logging.interceptor.ts:49:31)
      at Object.<anonymous> (src/modules/shared/interceptors/logging/logging.interceptor.unit.spec.ts:103:19)

  ● LoggingInterceptor - Unit Tests › intercept › should include request header in info log

    TypeError: context.getClass is not a function

    [0m [90m 47 |[39m   intercept(context[33m:[39m [33mExecutionContext[39m[33m,[39m next[33m:[39m [33mCallHandler[39m)[33m:[39m [33mObservable[39m[33m<[39m[33munknown[39m[33m>[39m {
     [90m 48 |[39m     [36mconst[39m request [33m=[39m context[33m.[39mswitchToHttp()[33m.[39mgetRequest[33m<[39m[33mRequest[39m[33m>[39m()[33m;[39m
    [31m[1m>[22m[39m[90m 49 |[39m     [36mconst[39m caller [33m=[39m [32m`${context.getClass()?.name ?? 'Unknown'}::${context.getHandler()?.name ?? 'handler'}`[39m[33m;[39m
     [90m    |[39m                               [31m[1m^[22m[39m
     [90m 50 |[39m
     [90m 51 |[39m     [36mif[39m ([36mthis[39m[33m.[39mshouldSkipLogging(request[33m.[39murl)) {
     [90m 52 |[39m       [36mreturn[39m next[33m.[39mhandle()[33m;[39m[0m

      at LoggingInterceptor.intercept (src/modules/shared/interceptors/logging/logging.interceptor.ts:49:31)
      at Object.<anonymous> (src/modules/shared/interceptors/logging/logging.interceptor.unit.spec.ts:128:19)

  ● LoggingInterceptor - Unit Tests › intercept › should log error with status code

    TypeError: context.getClass is not a function

    [0m [90m 47 |[39m   intercept(context[33m:[39m [33mExecutionContext[39m[33m,[39m next[33m:[39m [33mCallHandler[39m)[33m:[39m [33mObservable[39m[33m<[39m[33munknown[39m[33m>[39m {
     [90m 48 |[39m     [36mconst[39m request [33m=[39m context[33m.[39mswitchToHttp()[33m.[39mgetRequest[33m<[39m[33mRequest[39m[33m>[39m()[33m;[39m
    [31m[1m>[22m[39m[90m 49 |[39m     [36mconst[39m caller [33m=[39m [32m`${context.getClass()?.name ?? 'Unknown'}::${context.getHandler()?.name ?? 'handler'}`[39m[33m;[39m
     [90m    |[39m                               [31m[1m^[22m[39m
     [90m 50 |[39m
     [90m 51 |[39m     [36mif[39m ([36mthis[39m[33m.[39mshouldSkipLogging(request[33m.[39murl)) {
     [90m 52 |[39m       [36mreturn[39m next[33m.[39mhandle()[33m;[39m[0m

      at LoggingInterceptor.intercept (src/modules/shared/interceptors/logging/logging.interceptor.ts:49:31)
      at Object.<anonymous> (src/modules/shared/interceptors/logging/logging.interceptor.unit.spec.ts:154:19)

  ● LoggingInterceptor - Unit Tests › intercept › should log error with default status 500

    TypeError: context.getClass is not a function

    [0m [90m 47 |[39m   intercept(context[33m:[39m [33mExecutionContext[39m[33m,[39m next[33m:[39m [33mCallHandler[39m)[33m:[39m [33mObservable[39m[33m<[39m[33munknown[39m[33m>[39m {
     [90m 48 |[39m     [36mconst[39m request [33m=[39m context[33m.[39mswitchToHttp()[33m.[39mgetRequest[33m<[39m[33mRequest[39m[33m>[39m()[33m;[39m
    [31m[1m>[22m[39m[90m 49 |[39m     [36mconst[39m caller [33m=[39m [32m`${context.getClass()?.name ?? 'Unknown'}::${context.getHandler()?.name ?? 'handler'}`[39m[33m;[39m
     [90m    |[39m                               [31m[1m^[22m[39m
     [90m 50 |[39m
     [90m 51 |[39m     [36mif[39m ([36mthis[39m[33m.[39mshouldSkipLogging(request[33m.[39murl)) {
     [90m 52 |[39m       [36mreturn[39m next[33m.[39mhandle()[33m;[39m[0m

      at LoggingInterceptor.intercept (src/modules/shared/interceptors/logging/logging.interceptor.ts:49:31)
      at Object.<anonymous> (src/modules/shared/interceptors/logging/logging.interceptor.unit.spec.ts:178:19)

  ● LoggingInterceptor - Unit Tests › intercept › should include response data in completion log

    TypeError: context.getClass is not a function

    [0m [90m 47 |[39m   intercept(context[33m:[39m [33mExecutionContext[39m[33m,[39m next[33m:[39m [33mCallHandler[39m)[33m:[39m [33mObservable[39m[33m<[39m[33munknown[39m[33m>[39m {
     [90m 48 |[39m     [36mconst[39m request [33m=[39m context[33m.[39mswitchToHttp()[33m.[39mgetRequest[33m<[39m[33mRequest[39m[33m>[39m()[33m;[39m
    [31m[1m>[22m[39m[90m 49 |[39m     [36mconst[39m caller [33m=[39m [32m`${context.getClass()?.name ?? 'Unknown'}::${context.getHandler()?.name ?? 'handler'}`[39m[33m;[39m
     [90m    |[39m                               [31m[1m^[22m[39m
     [90m 50 |[39m
     [90m 51 |[39m     [36mif[39m ([36mthis[39m[33m.[39mshouldSkipLogging(request[33m.[39murl)) {
     [90m 52 |[39m       [36mreturn[39m next[33m.[39mhandle()[33m;[39m[0m

      at LoggingInterceptor.intercept (src/modules/shared/interceptors/logging/logging.interceptor.ts:49:31)
      at Object.<anonymous> (src/modules/shared/interceptors/logging/logging.interceptor.unit.spec.ts:203:19)

  ● LoggingInterceptor - Unit Tests › intercept › should pass response data through observable

    TypeError: context.getClass is not a function

    [0m [90m 47 |[39m   intercept(context[33m:[39m [33mExecutionContext[39m[33m,[39m next[33m:[39m [33mCallHandler[39m)[33m:[39m [33mObservable[39m[33m<[39m[33munknown[39m[33m>[39m {
     [90m 48 |[39m     [36mconst[39m request [33m=[39m context[33m.[39mswitchToHttp()[33m.[39mgetRequest[33m<[39m[33mRequest[39m[33m>[39m()[33m;[39m
    [31m[1m>[22m[39m[90m 49 |[39m     [36mconst[39m caller [33m=[39m [32m`${context.getClass()?.name ?? 'Unknown'}::${context.getHandler()?.name ?? 'handler'}`[39m[33m;[39m
     [90m    |[39m                               [31m[1m^[22m[39m
     [90m 50 |[39m
     [90m 51 |[39m     [36mif[39m ([36mthis[39m[33m.[39mshouldSkipLogging(request[33m.[39murl)) {
     [90m 52 |[39m       [36mreturn[39m next[33m.[39mhandle()[33m;[39m[0m

      at LoggingInterceptor.intercept (src/modules/shared/interceptors/logging/logging.interceptor.ts:49:31)
      at Object.<anonymous> (src/modules/shared/interceptors/logging/logging.interceptor.unit.spec.ts:225:19)

FAIL src/modules/phone/entities/phone.entity.unit.spec.ts
  ● Phone Entity - Unit Tests › Phone constructor › should have all required properties defined after instantiation

    expect(received).toHaveProperty(path)

    Expected path: "country"
    Received path: []

    Received value: {"createdAt": undefined, "id": undefined, "isVerified": undefined, "number": undefined, "type": undefined}

    [0m [90m 15 |[39m
     [90m 16 |[39m       expect(phone)[33m.[39mtoHaveProperty([32m'id'[39m)[33m;[39m
    [31m[1m>[22m[39m[90m 17 |[39m       expect(phone)[33m.[39mtoHaveProperty([32m'country'[39m)[33m;[39m
     [90m    |[39m                     [31m[1m^[22m[39m
     [90m 18 |[39m       expect(phone)[33m.[39mtoHaveProperty([32m'area'[39m)[33m;[39m
     [90m 19 |[39m       expect(phone)[33m.[39mtoHaveProperty([32m'number'[39m)[33m;[39m
     [90m 20 |[39m       expect(phone)[33m.[39mtoHaveProperty([32m'userId'[39m)[33m;[39m[0m

      at Object.<anonymous> (src/modules/phone/entities/phone.entity.unit.spec.ts:17:21)

  ● Phone Entity - Unit Tests › Phone relationship management › should have user relationship property

    expect(received).toHaveProperty(path)

    Expected path: "user"
    Received path: []

    Received value: {"createdAt": undefined, "id": undefined, "isVerified": undefined, "number": undefined, "type": undefined}

    [0m [90m 151 |[39m       [36mconst[39m phone [33m=[39m [36mnew[39m [33mPhone[39m()[33m;[39m
     [90m 152 |[39m
    [31m[1m>[22m[39m[90m 153 |[39m       expect(phone)[33m.[39mtoHaveProperty([32m'user'[39m)[33m;[39m
     [90m     |[39m                     [31m[1m^[22m[39m
     [90m 154 |[39m     })[33m;[39m
     [90m 155 |[39m
     [90m 156 |[39m     it([32m'should correlate userId with user relationship'[39m[33m,[39m () [33m=>[39m {[0m

      at Object.<anonymous> (src/modules/phone/entities/phone.entity.unit.spec.ts:153:21)

  ● Phone Entity - Unit Tests › Phone relationship management › should correlate userId with user relationship

    expect(received).toHaveProperty(path)

    Expected path: "user"
    Received path: []

    Received value: {"createdAt": undefined, "id": undefined, "isVerified": undefined, "number": undefined, "type": undefined, "userId": "550e8400-e29b-41d4-a716-446655440000"}

    [0m [90m 161 |[39m
     [90m 162 |[39m       expect(phone[33m.[39muserId)[33m.[39mtoBe(userId)[33m;[39m
    [31m[1m>[22m[39m[90m 163 |[39m       expect(phone)[33m.[39mtoHaveProperty([32m'user'[39m)[33m;[39m
     [90m     |[39m                     [31m[1m^[22m[39m
     [90m 164 |[39m     })[33m;[39m
     [90m 165 |[39m   })[33m;[39m
     [90m 166 |[39m })[33m;[39m[0m

      at Object.<anonymous> (src/modules/phone/entities/phone.entity.unit.spec.ts:163:21)

FAIL src/modules/user/repositories/user-address.repository.extended.unit.spec.ts
  ● UserAddressRepository - Extended Coverage - Unit Tests › findByUserIdAndType › should find user addresses by type

    TypeError: repository.findByUserIdAndType is not a function

    [0m [90m 127 |[39m       mockTypeormRepo[33m.[39mfind[33m.[39mmockResolvedValue(userAddresses)[33m;[39m
     [90m 128 |[39m
    [31m[1m>[22m[39m[90m 129 |[39m       [36mconst[39m result [33m=[39m [36mawait[39m repository[33m.[39mfindByUserIdAndType(userId[33m,[39m type)[33m;[39m
     [90m     |[39m                                       [31m[1m^[22m[39m
     [90m 130 |[39m
     [90m 131 |[39m       expect(result)[33m.[39mtoEqual(userAddresses)[33m;[39m
     [90m 132 |[39m       expect(mockTypeormRepo[33m.[39mfind)[33m.[39mtoHaveBeenCalledWith({[0m

      at Object.<anonymous> (src/modules/user/repositories/user-address.repository.extended.unit.spec.ts:129:39)

  ● UserAddressRepository - Extended Coverage - Unit Tests › findByUserIdAndType › should return empty array when no addresses found for type

    TypeError: repository.findByUserIdAndType is not a function

    [0m [90m 139 |[39m       mockTypeormRepo[33m.[39mfind[33m.[39mmockResolvedValue([])[33m;[39m
     [90m 140 |[39m
    [31m[1m>[22m[39m[90m 141 |[39m       [36mconst[39m result [33m=[39m [36mawait[39m repository[33m.[39mfindByUserIdAndType([32m'user-1'[39m[33m,[39m [32m'NONEXISTENT'[39m)[33m;[39m
     [90m     |[39m                                       [31m[1m^[22m[39m
     [90m 142 |[39m
     [90m 143 |[39m       expect(result)[33m.[39mtoEqual([])[33m;[39m
     [90m 144 |[39m     })[33m;[39m[0m

      at Object.<anonymous> (src/modules/user/repositories/user-address.repository.extended.unit.spec.ts:141:39)

  ● UserAddressRepository - Extended Coverage - Unit Tests › findByUserIdAndType › should handle different address types

    TypeError: repository.findByUserIdAndType is not a function

    [0m [90m 151 |[39m
     [90m 152 |[39m       [36mfor[39m ([36mconst[39m type [36mof[39m types) {
    [31m[1m>[22m[39m[90m 153 |[39m         [36mawait[39m repository[33m.[39mfindByUserIdAndType(userId[33m,[39m type)[33m;[39m
     [90m     |[39m                          [31m[1m^[22m[39m
     [90m 154 |[39m         expect(mockTypeormRepo[33m.[39mfind)[33m.[39mtoHaveBeenCalledWith({
     [90m 155 |[39m           where[33m:[39m { userId[33m,[39m type }[33m,[39m
     [90m 156 |[39m           relations[33m:[39m [[32m'address'[39m][33m,[39m[0m

      at Object.<anonymous> (src/modules/user/repositories/user-address.repository.extended.unit.spec.ts:153:26)

FAIL src/modules/health/health.controller.unit.spec.ts
  ● HealthController - Unit Tests › check › should return health check response

    expect(received).toHaveProperty(path)

    Expected path: "status"
    Received path: []

    Received value: Promise {}

    [0m [90m 81 |[39m       [90m// Assert[39m
     [90m 82 |[39m       expect(result)[33m.[39mtoBeDefined()[33m;[39m
    [31m[1m>[22m[39m[90m 83 |[39m       expect(result)[33m.[39mtoHaveProperty([32m'status'[39m)[33m;[39m
     [90m    |[39m                      [31m[1m^[22m[39m
     [90m 84 |[39m       expect(result)[33m.[39mtoHaveProperty([32m'message'[39m)[33m;[39m
     [90m 85 |[39m       expect(result[33m.[39mstatus)[33m.[39mtoBe([36mtrue[39m)[33m;[39m
     [90m 86 |[39m     })[33m;[39m[0m

      at Object.<anonymous> (src/modules/health/health.controller.unit.spec.ts:83:22)

  ● HealthController - Unit Tests › check › should propagate service response

    expect(received).toEqual(expected) // deep equality

    - Expected  - 4
    + Received  + 1

    - Object {
    -   "message": "Service is healthy",
    -   "status": true,
    - }
    + Promise {}

    [0m [90m  99 |[39m
     [90m 100 |[39m       [90m// Assert[39m
    [31m[1m>[22m[39m[90m 101 |[39m       expect(result)[33m.[39mtoEqual(mockResponse)[33m;[39m
     [90m     |[39m                      [31m[1m^[22m[39m
     [90m 102 |[39m     })[33m;[39m
     [90m 103 |[39m
     [90m 104 |[39m     it([32m'should handle service errors'[39m[33m,[39m [36masync[39m () [33m=>[39m {[0m

      at Object.<anonymous> (src/modules/health/health.controller.unit.spec.ts:101:22)

  ● HealthController - Unit Tests › Integration Tests - Controller → Service Pipeline › should controller and service work together

    expect(received).toHaveProperty(path)

    Expected path: "status"
    Received path: []

    Received value: Promise {}

    [0m [90m 163 |[39m       [90m// Assert[39m
     [90m 164 |[39m       expect(result)[33m.[39mtoBeDefined()[33m;[39m
    [31m[1m>[22m[39m[90m 165 |[39m       expect(result)[33m.[39mtoHaveProperty([32m'status'[39m)[33m;[39m
     [90m     |[39m                      [31m[1m^[22m[39m
     [90m 166 |[39m       expect(result[33m.[39mstatus)[33m.[39mtoBe([36mtrue[39m)[33m;[39m
     [90m 167 |[39m     })[33m;[39m
     [90m 168 |[39m[0m

      at Object.<anonymous> (src/modules/health/health.controller.unit.spec.ts:165:22)

  ● HealthController - Unit Tests › Integration Tests - Controller → Service Pipeline › should preserve response structure through pipeline

    expect(received).toHaveProperty(path)

    Expected path: "status"
    Received path: []

    Received value: Promise {}

    [0m [90m 199 |[39m
     [90m 200 |[39m       [90m// Assert[39m
    [31m[1m>[22m[39m[90m 201 |[39m       expect(result)[33m.[39mtoHaveProperty([32m'status'[39m)[33m;[39m
     [90m     |[39m                      [31m[1m^[22m[39m
     [90m 202 |[39m       expect(result)[33m.[39mtoHaveProperty([32m'message'[39m)[33m;[39m
     [90m 203 |[39m       expect([36mtypeof[39m result[33m.[39mstatus)[33m.[39mtoBe([32m'boolean'[39m)[33m;[39m
     [90m 204 |[39m       expect([36mtypeof[39m result[33m.[39mmessage)[33m.[39mtoBe([32m'string'[39m)[33m;[39m[0m

      at Object.<anonymous> (src/modules/health/health.controller.unit.spec.ts:201:22)

  ● HealthController - Unit Tests › Integration Tests - Controller → Service Pipeline › should handle consistent health status

    expect(received).toBe(expected) // Object.is equality

    Expected: true
    Received: undefined

    [0m [90m 222 |[39m       [90m// Assert[39m
     [90m 223 |[39m       expect(result1[33m.[39mstatus)[33m.[39mtoBe(result2[33m.[39mstatus)[33m;[39m
    [31m[1m>[22m[39m[90m 224 |[39m       expect(result1[33m.[39mstatus)[33m.[39mtoBe([36mtrue[39m)[33m;[39m
     [90m     |[39m                              [31m[1m^[22m[39m
     [90m 225 |[39m     })[33m;[39m
     [90m 226 |[39m   })[33m;[39m
     [90m 227 |[39m[0m

      at Object.<anonymous> (src/modules/health/health.controller.unit.spec.ts:224:30)

FAIL src/modules/auth/auth.controller.dummy.unit.spec.ts
  ● AuthController (Dummy) - Unit Tests › login › should be defined

    Nest can't resolve dependencies of the AuthController (?, MockApiClientService). Please make sure that the argument "AUTH_LOGIN_SESSION_SERVICE_PROVIDE" at index [0] is available in the RootTestModule context.

    Potential solutions:
    - Is RootTestModule a valid NestJS module?
    - If "AUTH_LOGIN_SESSION_SERVICE_PROVIDE" is a provider, is it part of the current RootTestModule?
    - If "AUTH_LOGIN_SESSION_SERVICE_PROVIDE" is exported from a separate @Module, is that module imported within RootTestModule?
      @Module({
        imports: [ /* the Module containing "AUTH_LOGIN_SESSION_SERVICE_PROVIDE" */ ]
      })

    For more common dependency resolution issues, see: https://docs.nestjs.com/faq/common-errors

    [0m [90m  7 |[39m
     [90m  8 |[39m   beforeEach([36masync[39m () [33m=>[39m {
    [31m[1m>[22m[39m[90m  9 |[39m     [36mconst[39m moduleRef[33m:[39m [33mTestingModule[39m [33m=[39m [36mawait[39m [33mTest[39m[33m.[39mcreateTestingModule({
     [90m    |[39m                                      [31m[1m^[22m[39m
     [90m 10 |[39m       controllers[33m:[39m [[33mAuthController[39m][33m,[39m
     [90m 11 |[39m     })[33m.[39mcompile()[33m;[39m
     [90m 12 |[39m[0m

      at TestingInjector.lookupComponentInParentModules (node_modules/@nestjs/core/injector/injector.js:290:19)
      at TestingInjector.resolveComponentWrapper (node_modules/@nestjs/testing/testing-injector.js:19:45)
      at resolveParam (node_modules/@nestjs/core/injector/injector.js:140:38)
          at async Promise.all (index 0)
      at TestingInjector.resolveConstructorParams (node_modules/@nestjs/core/injector/injector.js:169:27)
      at TestingInjector.loadInstance (node_modules/@nestjs/core/injector/injector.js:75:13)
      at TestingInjector.loadController (node_modules/@nestjs/core/injector/injector.js:94:9)
      at node_modules/@nestjs/core/injector/instance-loader.js:68:13
          at async Promise.all (index 0)
      at TestingInstanceLoader.createInstancesOfControllers (node_modules/@nestjs/core/injector/instance-loader.js:67:9)
      at node_modules/@nestjs/core/injector/instance-loader.js:42:13
          at async Promise.all (index 1)
      at TestingInstanceLoader.createInstances (node_modules/@nestjs/core/injector/instance-loader.js:39:9)
      at TestingInstanceLoader.createInstancesOfDependencies (node_modules/@nestjs/core/injector/instance-loader.js:22:13)
      at TestingInstanceLoader.createInstancesOfDependencies (node_modules/@nestjs/testing/testing-instance-loader.js:9:9)
      at TestingModuleBuilder.createInstancesOfDependencies (node_modules/@nestjs/testing/testing-module.builder.js:118:9)
      at TestingModuleBuilder.compile (node_modules/@nestjs/testing/testing-module.builder.js:74:9)
      at Object.<anonymous> (src/modules/auth/auth.controller.dummy.unit.spec.ts:9:38)

  ● AuthController (Dummy) - Unit Tests › login › should return not implemented message

    Nest can't resolve dependencies of the AuthController (?, MockApiClientService). Please make sure that the argument "AUTH_LOGIN_SESSION_SERVICE_PROVIDE" at index [0] is available in the RootTestModule context.

    Potential solutions:
    - Is RootTestModule a valid NestJS module?
    - If "AUTH_LOGIN_SESSION_SERVICE_PROVIDE" is a provider, is it part of the current RootTestModule?
    - If "AUTH_LOGIN_SESSION_SERVICE_PROVIDE" is exported from a separate @Module, is that module imported within RootTestModule?
      @Module({
        imports: [ /* the Module containing "AUTH_LOGIN_SESSION_SERVICE_PROVIDE" */ ]
      })

    For more common dependency resolution issues, see: https://docs.nestjs.com/faq/common-errors

    [0m [90m  7 |[39m
     [90m  8 |[39m   beforeEach([36masync[39m () [33m=>[39m {
    [31m[1m>[22m[39m[90m  9 |[39m     [36mconst[39m moduleRef[33m:[39m [33mTestingModule[39m [33m=[39m [36mawait[39m [33mTest[39m[33m.[39mcreateTestingModule({
     [90m    |[39m                                      [31m[1m^[22m[39m
     [90m 10 |[39m       controllers[33m:[39m [[33mAuthController[39m][33m,[39m
     [90m 11 |[39m     })[33m.[39mcompile()[33m;[39m
     [90m 12 |[39m[0m

      at TestingInjector.lookupComponentInParentModules (node_modules/@nestjs/core/injector/injector.js:290:19)
      at TestingInjector.resolveComponentWrapper (node_modules/@nestjs/testing/testing-injector.js:19:45)
      at resolveParam (node_modules/@nestjs/core/injector/injector.js:140:38)
          at async Promise.all (index 0)
      at TestingInjector.resolveConstructorParams (node_modules/@nestjs/core/injector/injector.js:169:27)
      at TestingInjector.loadInstance (node_modules/@nestjs/core/injector/injector.js:75:13)
      at TestingInjector.loadController (node_modules/@nestjs/core/injector/injector.js:94:9)
      at node_modules/@nestjs/core/injector/instance-loader.js:68:13
          at async Promise.all (index 0)
      at TestingInstanceLoader.createInstancesOfControllers (node_modules/@nestjs/core/injector/instance-loader.js:67:9)
      at node_modules/@nestjs/core/injector/instance-loader.js:42:13
          at async Promise.all (index 1)
      at TestingInstanceLoader.createInstances (node_modules/@nestjs/core/injector/instance-loader.js:39:9)
      at TestingInstanceLoader.createInstancesOfDependencies (node_modules/@nestjs/core/injector/instance-loader.js:22:13)
      at TestingInstanceLoader.createInstancesOfDependencies (node_modules/@nestjs/testing/testing-instance-loader.js:9:9)
      at TestingModuleBuilder.createInstancesOfDependencies (node_modules/@nestjs/testing/testing-module.builder.js:118:9)
      at TestingModuleBuilder.compile (node_modules/@nestjs/testing/testing-module.builder.js:74:9)
      at Object.<anonymous> (src/modules/auth/auth.controller.dummy.unit.spec.ts:9:38)

  ● AuthController (Dummy) - Unit Tests › login › should return an object with message property

    Nest can't resolve dependencies of the AuthController (?, MockApiClientService). Please make sure that the argument "AUTH_LOGIN_SESSION_SERVICE_PROVIDE" at index [0] is available in the RootTestModule context.

    Potential solutions:
    - Is RootTestModule a valid NestJS module?
    - If "AUTH_LOGIN_SESSION_SERVICE_PROVIDE" is a provider, is it part of the current RootTestModule?
    - If "AUTH_LOGIN_SESSION_SERVICE_PROVIDE" is exported from a separate @Module, is that module imported within RootTestModule?
      @Module({
        imports: [ /* the Module containing "AUTH_LOGIN_SESSION_SERVICE_PROVIDE" */ ]
      })

    For more common dependency resolution issues, see: https://docs.nestjs.com/faq/common-errors

    [0m [90m  7 |[39m
     [90m  8 |[39m   beforeEach([36masync[39m () [33m=>[39m {
    [31m[1m>[22m[39m[90m  9 |[39m     [36mconst[39m moduleRef[33m:[39m [33mTestingModule[39m [33m=[39m [36mawait[39m [33mTest[39m[33m.[39mcreateTestingModule({
     [90m    |[39m                                      [31m[1m^[22m[39m
     [90m 10 |[39m       controllers[33m:[39m [[33mAuthController[39m][33m,[39m
     [90m 11 |[39m     })[33m.[39mcompile()[33m;[39m
     [90m 12 |[39m[0m

      at TestingInjector.lookupComponentInParentModules (node_modules/@nestjs/core/injector/injector.js:290:19)
      at TestingInjector.resolveComponentWrapper (node_modules/@nestjs/testing/testing-injector.js:19:45)
      at resolveParam (node_modules/@nestjs/core/injector/injector.js:140:38)
          at async Promise.all (index 0)
      at TestingInjector.resolveConstructorParams (node_modules/@nestjs/core/injector/injector.js:169:27)
      at TestingInjector.loadInstance (node_modules/@nestjs/core/injector/injector.js:75:13)
      at TestingInjector.loadController (node_modules/@nestjs/core/injector/injector.js:94:9)
      at node_modules/@nestjs/core/injector/instance-loader.js:68:13
          at async Promise.all (index 0)
      at TestingInstanceLoader.createInstancesOfControllers (node_modules/@nestjs/core/injector/instance-loader.js:67:9)
      at node_modules/@nestjs/core/injector/instance-loader.js:42:13
          at async Promise.all (index 1)
      at TestingInstanceLoader.createInstances (node_modules/@nestjs/core/injector/instance-loader.js:39:9)
      at TestingInstanceLoader.createInstancesOfDependencies (node_modules/@nestjs/core/injector/instance-loader.js:22:13)
      at TestingInstanceLoader.createInstancesOfDependencies (node_modules/@nestjs/testing/testing-instance-loader.js:9:9)
      at TestingModuleBuilder.createInstancesOfDependencies (node_modules/@nestjs/testing/testing-module.builder.js:118:9)
      at TestingModuleBuilder.compile (node_modules/@nestjs/testing/testing-module.builder.js:74:9)
      at Object.<anonymous> (src/modules/auth/auth.controller.dummy.unit.spec.ts:9:38)

  ● AuthController (Dummy) - Unit Tests › register › should be defined

    Nest can't resolve dependencies of the AuthController (?, MockApiClientService). Please make sure that the argument "AUTH_LOGIN_SESSION_SERVICE_PROVIDE" at index [0] is available in the RootTestModule context.

    Potential solutions:
    - Is RootTestModule a valid NestJS module?
    - If "AUTH_LOGIN_SESSION_SERVICE_PROVIDE" is a provider, is it part of the current RootTestModule?
    - If "AUTH_LOGIN_SESSION_SERVICE_PROVIDE" is exported from a separate @Module, is that module imported within RootTestModule?
      @Module({
        imports: [ /* the Module containing "AUTH_LOGIN_SESSION_SERVICE_PROVIDE" */ ]
      })

    For more common dependency resolution issues, see: https://docs.nestjs.com/faq/common-errors

    [0m [90m  7 |[39m
     [90m  8 |[39m   beforeEach([36masync[39m () [33m=>[39m {
    [31m[1m>[22m[39m[90m  9 |[39m     [36mconst[39m moduleRef[33m:[39m [33mTestingModule[39m [33m=[39m [36mawait[39m [33mTest[39m[33m.[39mcreateTestingModule({
     [90m    |[39m                                      [31m[1m^[22m[39m
     [90m 10 |[39m       controllers[33m:[39m [[33mAuthController[39m][33m,[39m
     [90m 11 |[39m     })[33m.[39mcompile()[33m;[39m
     [90m 12 |[39m[0m

      at TestingInjector.lookupComponentInParentModules (node_modules/@nestjs/core/injector/injector.js:290:19)
      at TestingInjector.resolveComponentWrapper (node_modules/@nestjs/testing/testing-injector.js:19:45)
      at resolveParam (node_modules/@nestjs/core/injector/injector.js:140:38)
          at async Promise.all (index 0)
      at TestingInjector.resolveConstructorParams (node_modules/@nestjs/core/injector/injector.js:169:27)
      at TestingInjector.loadInstance (node_modules/@nestjs/core/injector/injector.js:75:13)
      at TestingInjector.loadController (node_modules/@nestjs/core/injector/injector.js:94:9)
      at node_modules/@nestjs/core/injector/instance-loader.js:68:13
          at async Promise.all (index 0)
      at TestingInstanceLoader.createInstancesOfControllers (node_modules/@nestjs/core/injector/instance-loader.js:67:9)
      at node_modules/@nestjs/core/injector/instance-loader.js:42:13
          at async Promise.all (index 1)
      at TestingInstanceLoader.createInstances (node_modules/@nestjs/core/injector/instance-loader.js:39:9)
      at TestingInstanceLoader.createInstancesOfDependencies (node_modules/@nestjs/core/injector/instance-loader.js:22:13)
      at TestingInstanceLoader.createInstancesOfDependencies (node_modules/@nestjs/testing/testing-instance-loader.js:9:9)
      at TestingModuleBuilder.createInstancesOfDependencies (node_modules/@nestjs/testing/testing-module.builder.js:118:9)
      at TestingModuleBuilder.compile (node_modules/@nestjs/testing/testing-module.builder.js:74:9)
      at Object.<anonymous> (src/modules/auth/auth.controller.dummy.unit.spec.ts:9:38)

  ● AuthController (Dummy) - Unit Tests › register › should return not implemented message

    Nest can't resolve dependencies of the AuthController (?, MockApiClientService). Please make sure that the argument "AUTH_LOGIN_SESSION_SERVICE_PROVIDE" at index [0] is available in the RootTestModule context.

    Potential solutions:
    - Is RootTestModule a valid NestJS module?
    - If "AUTH_LOGIN_SESSION_SERVICE_PROVIDE" is a provider, is it part of the current RootTestModule?
    - If "AUTH_LOGIN_SESSION_SERVICE_PROVIDE" is exported from a separate @Module, is that module imported within RootTestModule?
      @Module({
        imports: [ /* the Module containing "AUTH_LOGIN_SESSION_SERVICE_PROVIDE" */ ]
      })

    For more common dependency resolution issues, see: https://docs.nestjs.com/faq/common-errors

    [0m [90m  7 |[39m
     [90m  8 |[39m   beforeEach([36masync[39m () [33m=>[39m {
    [31m[1m>[22m[39m[90m  9 |[39m     [36mconst[39m moduleRef[33m:[39m [33mTestingModule[39m [33m=[39m [36mawait[39m [33mTest[39m[33m.[39mcreateTestingModule({
     [90m    |[39m                                      [31m[1m^[22m[39m
     [90m 10 |[39m       controllers[33m:[39m [[33mAuthController[39m][33m,[39m
     [90m 11 |[39m     })[33m.[39mcompile()[33m;[39m
     [90m 12 |[39m[0m

      at TestingInjector.lookupComponentInParentModules (node_modules/@nestjs/core/injector/injector.js:290:19)
      at TestingInjector.resolveComponentWrapper (node_modules/@nestjs/testing/testing-injector.js:19:45)
      at resolveParam (node_modules/@nestjs/core/injector/injector.js:140:38)
          at async Promise.all (index 0)
      at TestingInjector.resolveConstructorParams (node_modules/@nestjs/core/injector/injector.js:169:27)
      at TestingInjector.loadInstance (node_modules/@nestjs/core/injector/injector.js:75:13)
      at TestingInjector.loadController (node_modules/@nestjs/core/injector/injector.js:94:9)
      at node_modules/@nestjs/core/injector/instance-loader.js:68:13
          at async Promise.all (index 0)
      at TestingInstanceLoader.createInstancesOfControllers (node_modules/@nestjs/core/injector/instance-loader.js:67:9)
      at node_modules/@nestjs/core/injector/instance-loader.js:42:13
          at async Promise.all (index 1)
      at TestingInstanceLoader.createInstances (node_modules/@nestjs/core/injector/instance-loader.js:39:9)
      at TestingInstanceLoader.createInstancesOfDependencies (node_modules/@nestjs/core/injector/instance-loader.js:22:13)
      at TestingInstanceLoader.createInstancesOfDependencies (node_modules/@nestjs/testing/testing-instance-loader.js:9:9)
      at TestingModuleBuilder.createInstancesOfDependencies (node_modules/@nestjs/testing/testing-module.builder.js:118:9)
      at TestingModuleBuilder.compile (node_modules/@nestjs/testing/testing-module.builder.js:74:9)
      at Object.<anonymous> (src/modules/auth/auth.controller.dummy.unit.spec.ts:9:38)

  ● AuthController (Dummy) - Unit Tests › register › should return an object with message property

    Nest can't resolve dependencies of the AuthController (?, MockApiClientService). Please make sure that the argument "AUTH_LOGIN_SESSION_SERVICE_PROVIDE" at index [0] is available in the RootTestModule context.

    Potential solutions:
    - Is RootTestModule a valid NestJS module?
    - If "AUTH_LOGIN_SESSION_SERVICE_PROVIDE" is a provider, is it part of the current RootTestModule?
    - If "AUTH_LOGIN_SESSION_SERVICE_PROVIDE" is exported from a separate @Module, is that module imported within RootTestModule?
      @Module({
        imports: [ /* the Module containing "AUTH_LOGIN_SESSION_SERVICE_PROVIDE" */ ]
      })

    For more common dependency resolution issues, see: https://docs.nestjs.com/faq/common-errors

    [0m [90m  7 |[39m
     [90m  8 |[39m   beforeEach([36masync[39m () [33m=>[39m {
    [31m[1m>[22m[39m[90m  9 |[39m     [36mconst[39m moduleRef[33m:[39m [33mTestingModule[39m [33m=[39m [36mawait[39m [33mTest[39m[33m.[39mcreateTestingModule({
     [90m    |[39m                                      [31m[1m^[22m[39m
     [90m 10 |[39m       controllers[33m:[39m [[33mAuthController[39m][33m,[39m
     [90m 11 |[39m     })[33m.[39mcompile()[33m;[39m
     [90m 12 |[39m[0m

      at TestingInjector.lookupComponentInParentModules (node_modules/@nestjs/core/injector/injector.js:290:19)
      at TestingInjector.resolveComponentWrapper (node_modules/@nestjs/testing/testing-injector.js:19:45)
      at resolveParam (node_modules/@nestjs/core/injector/injector.js:140:38)
          at async Promise.all (index 0)
      at TestingInjector.resolveConstructorParams (node_modules/@nestjs/core/injector/injector.js:169:27)
      at TestingInjector.loadInstance (node_modules/@nestjs/core/injector/injector.js:75:13)
      at TestingInjector.loadController (node_modules/@nestjs/core/injector/injector.js:94:9)
      at node_modules/@nestjs/core/injector/instance-loader.js:68:13
          at async Promise.all (index 0)
      at TestingInstanceLoader.createInstancesOfControllers (node_modules/@nestjs/core/injector/instance-loader.js:67:9)
      at node_modules/@nestjs/core/injector/instance-loader.js:42:13
          at async Promise.all (index 1)
      at TestingInstanceLoader.createInstances (node_modules/@nestjs/core/injector/instance-loader.js:39:9)
      at TestingInstanceLoader.createInstancesOfDependencies (node_modules/@nestjs/core/injector/instance-loader.js:22:13)
      at TestingInstanceLoader.createInstancesOfDependencies (node_modules/@nestjs/testing/testing-instance-loader.js:9:9)
      at TestingModuleBuilder.createInstancesOfDependencies (node_modules/@nestjs/testing/testing-module.builder.js:118:9)
      at TestingModuleBuilder.compile (node_modules/@nestjs/testing/testing-module.builder.js:74:9)
      at Object.<anonymous> (src/modules/auth/auth.controller.dummy.unit.spec.ts:9:38)

  ● AuthController (Dummy) - Unit Tests › Integration Tests › should both methods return proper response structure

    Nest can't resolve dependencies of the AuthController (?, MockApiClientService). Please make sure that the argument "AUTH_LOGIN_SESSION_SERVICE_PROVIDE" at index [0] is available in the RootTestModule context.

    Potential solutions:
    - Is RootTestModule a valid NestJS module?
    - If "AUTH_LOGIN_SESSION_SERVICE_PROVIDE" is a provider, is it part of the current RootTestModule?
    - If "AUTH_LOGIN_SESSION_SERVICE_PROVIDE" is exported from a separate @Module, is that module imported within RootTestModule?
      @Module({
        imports: [ /* the Module containing "AUTH_LOGIN_SESSION_SERVICE_PROVIDE" */ ]
      })

    For more common dependency resolution issues, see: https://docs.nestjs.com/faq/common-errors

    [0m [90m  7 |[39m
     [90m  8 |[39m   beforeEach([36masync[39m () [33m=>[39m {
    [31m[1m>[22m[39m[90m  9 |[39m     [36mconst[39m moduleRef[33m:[39m [33mTestingModule[39m [33m=[39m [36mawait[39m [33mTest[39m[33m.[39mcreateTestingModule({
     [90m    |[39m                                      [31m[1m^[22m[39m
     [90m 10 |[39m       controllers[33m:[39m [[33mAuthController[39m][33m,[39m
     [90m 11 |[39m     })[33m.[39mcompile()[33m;[39m
     [90m 12 |[39m[0m

      at TestingInjector.lookupComponentInParentModules (node_modules/@nestjs/core/injector/injector.js:290:19)
      at TestingInjector.resolveComponentWrapper (node_modules/@nestjs/testing/testing-injector.js:19:45)
      at resolveParam (node_modules/@nestjs/core/injector/injector.js:140:38)
          at async Promise.all (index 0)
      at TestingInjector.resolveConstructorParams (node_modules/@nestjs/core/injector/injector.js:169:27)
      at TestingInjector.loadInstance (node_modules/@nestjs/core/injector/injector.js:75:13)
      at TestingInjector.loadController (node_modules/@nestjs/core/injector/injector.js:94:9)
      at node_modules/@nestjs/core/injector/instance-loader.js:68:13
          at async Promise.all (index 0)
      at TestingInstanceLoader.createInstancesOfControllers (node_modules/@nestjs/core/injector/instance-loader.js:67:9)
      at node_modules/@nestjs/core/injector/instance-loader.js:42:13
          at async Promise.all (index 1)
      at TestingInstanceLoader.createInstances (node_modules/@nestjs/core/injector/instance-loader.js:39:9)
      at TestingInstanceLoader.createInstancesOfDependencies (node_modules/@nestjs/core/injector/instance-loader.js:22:13)
      at TestingInstanceLoader.createInstancesOfDependencies (node_modules/@nestjs/testing/testing-instance-loader.js:9:9)
      at TestingModuleBuilder.createInstancesOfDependencies (node_modules/@nestjs/testing/testing-module.builder.js:118:9)
      at TestingModuleBuilder.compile (node_modules/@nestjs/testing/testing-module.builder.js:74:9)
      at Object.<anonymous> (src/modules/auth/auth.controller.dummy.unit.spec.ts:9:38)

  ● AuthController (Dummy) - Unit Tests › Integration Tests › should both methods return different messages

    Nest can't resolve dependencies of the AuthController (?, MockApiClientService). Please make sure that the argument "AUTH_LOGIN_SESSION_SERVICE_PROVIDE" at index [0] is available in the RootTestModule context.

    Potential solutions:
    - Is RootTestModule a valid NestJS module?
    - If "AUTH_LOGIN_SESSION_SERVICE_PROVIDE" is a provider, is it part of the current RootTestModule?
    - If "AUTH_LOGIN_SESSION_SERVICE_PROVIDE" is exported from a separate @Module, is that module imported within RootTestModule?
      @Module({
        imports: [ /* the Module containing "AUTH_LOGIN_SESSION_SERVICE_PROVIDE" */ ]
      })

    For more common dependency resolution issues, see: https://docs.nestjs.com/faq/common-errors

    [0m [90m  7 |[39m
     [90m  8 |[39m   beforeEach([36masync[39m () [33m=>[39m {
    [31m[1m>[22m[39m[90m  9 |[39m     [36mconst[39m moduleRef[33m:[39m [33mTestingModule[39m [33m=[39m [36mawait[39m [33mTest[39m[33m.[39mcreateTestingModule({
     [90m    |[39m                                      [31m[1m^[22m[39m
     [90m 10 |[39m       controllers[33m:[39m [[33mAuthController[39m][33m,[39m
     [90m 11 |[39m     })[33m.[39mcompile()[33m;[39m
     [90m 12 |[39m[0m

      at TestingInjector.lookupComponentInParentModules (node_modules/@nestjs/core/injector/injector.js:290:19)
      at TestingInjector.resolveComponentWrapper (node_modules/@nestjs/testing/testing-injector.js:19:45)
      at resolveParam (node_modules/@nestjs/core/injector/injector.js:140:38)
          at async Promise.all (index 0)
      at TestingInjector.resolveConstructorParams (node_modules/@nestjs/core/injector/injector.js:169:27)
      at TestingInjector.loadInstance (node_modules/@nestjs/core/injector/injector.js:75:13)
      at TestingInjector.loadController (node_modules/@nestjs/core/injector/injector.js:94:9)
      at node_modules/@nestjs/core/injector/instance-loader.js:68:13
          at async Promise.all (index 0)
      at TestingInstanceLoader.createInstancesOfControllers (node_modules/@nestjs/core/injector/instance-loader.js:67:9)
      at node_modules/@nestjs/core/injector/instance-loader.js:42:13
          at async Promise.all (index 1)
      at TestingInstanceLoader.createInstances (node_modules/@nestjs/core/injector/instance-loader.js:39:9)
      at TestingInstanceLoader.createInstancesOfDependencies (node_modules/@nestjs/core/injector/instance-loader.js:22:13)
      at TestingInstanceLoader.createInstancesOfDependencies (node_modules/@nestjs/testing/testing-instance-loader.js:9:9)
      at TestingModuleBuilder.createInstancesOfDependencies (node_modules/@nestjs/testing/testing-module.builder.js:118:9)
      at TestingModuleBuilder.compile (node_modules/@nestjs/testing/testing-module.builder.js:74:9)
      at Object.<anonymous> (src/modules/auth/auth.controller.dummy.unit.spec.ts:9:38)

FAIL src/modules/user/user.repository.unit.spec.ts
  ● UserRepository - Unit Tests › findByEmail › should find user by email

    TypeError: repository.findByEmail is not a function

    [0m [90m 82 |[39m       mockTypeormRepo[33m.[39mfindOne[33m.[39mmockResolvedValue(user)[33m;[39m
     [90m 83 |[39m
    [31m[1m>[22m[39m[90m 84 |[39m       [36mconst[39m result [33m=[39m [36mawait[39m repository[33m.[39mfindByEmail(email)[33m;[39m
     [90m    |[39m                                       [31m[1m^[22m[39m
     [90m 85 |[39m
     [90m 86 |[39m       expect(result)[33m.[39mtoEqual(user)[33m;[39m
     [90m 87 |[39m       expect(mockTypeormRepo[33m.[39mfindOne)[33m.[39mtoHaveBeenCalledWith({[0m

      at Object.<anonymous> (src/modules/user/user.repository.unit.spec.ts:84:39)

  ● UserRepository - Unit Tests › findByEmail › should return null when user email not found

    TypeError: repository.findByEmail is not a function

    [0m [90m 93 |[39m       mockTypeormRepo[33m.[39mfindOne[33m.[39mmockResolvedValue([36mnull[39m)[33m;[39m
     [90m 94 |[39m
    [31m[1m>[22m[39m[90m 95 |[39m       [36mconst[39m result [33m=[39m [36mawait[39m repository[33m.[39mfindByEmail(faker[33m.[39minternet[33m.[39memail())[33m;[39m
     [90m    |[39m                                       [31m[1m^[22m[39m
     [90m 96 |[39m
     [90m 97 |[39m       expect(result)[33m.[39mtoBeNull()[33m;[39m
     [90m 98 |[39m     })[33m;[39m[0m

      at Object.<anonymous> (src/modules/user/user.repository.unit.spec.ts:95:39)

  ● UserRepository - Unit Tests › findByCpf › should find user by cpf

    TypeError: repository.findByCpf is not a function

    [0m [90m 110 |[39m       mockTypeormRepo[33m.[39mfindOne[33m.[39mmockResolvedValue(user)[33m;[39m
     [90m 111 |[39m
    [31m[1m>[22m[39m[90m 112 |[39m       [36mconst[39m result [33m=[39m [36mawait[39m repository[33m.[39mfindByCpf(cpf)[33m;[39m
     [90m     |[39m                                       [31m[1m^[22m[39m
     [90m 113 |[39m
     [90m 114 |[39m       expect(result)[33m.[39mtoEqual(user)[33m;[39m
     [90m 115 |[39m       expect(mockTypeormRepo[33m.[39mfindOne)[33m.[39mtoHaveBeenCalledWith({[0m

      at Object.<anonymous> (src/modules/user/user.repository.unit.spec.ts:112:39)

  ● UserRepository - Unit Tests › findByCpf › should return null when user cpf not found

    TypeError: repository.findByCpf is not a function

    [0m [90m 121 |[39m       mockTypeormRepo[33m.[39mfindOne[33m.[39mmockResolvedValue([36mnull[39m)[33m;[39m
     [90m 122 |[39m
    [31m[1m>[22m[39m[90m 123 |[39m       [36mconst[39m result [33m=[39m [36mawait[39m repository[33m.[39mfindByCpf([32m'12345678901'[39m)[33m;[39m
     [90m     |[39m                                       [31m[1m^[22m[39m
     [90m 124 |[39m
     [90m 125 |[39m       expect(result)[33m.[39mtoBeNull()[33m;[39m
     [90m 126 |[39m     })[33m;[39m[0m

      at Object.<anonymous> (src/modules/user/user.repository.unit.spec.ts:123:39)

  ● UserRepository - Unit Tests › findByRg › should find user by rg

    TypeError: repository.findByRg is not a function

    [0m [90m 138 |[39m       mockTypeormRepo[33m.[39mfindOne[33m.[39mmockResolvedValue(user)[33m;[39m
     [90m 139 |[39m
    [31m[1m>[22m[39m[90m 140 |[39m       [36mconst[39m result [33m=[39m [36mawait[39m repository[33m.[39mfindByRg(rg)[33m;[39m
     [90m     |[39m                                       [31m[1m^[22m[39m
     [90m 141 |[39m
     [90m 142 |[39m       expect(result)[33m.[39mtoEqual(user)[33m;[39m
     [90m 143 |[39m       expect(mockTypeormRepo[33m.[39mfindOne)[33m.[39mtoHaveBeenCalledWith({[0m

      at Object.<anonymous> (src/modules/user/user.repository.unit.spec.ts:140:39)

  ● UserRepository - Unit Tests › findByRg › should return null when user rg not found

    TypeError: repository.findByRg is not a function

    [0m [90m 149 |[39m       mockTypeormRepo[33m.[39mfindOne[33m.[39mmockResolvedValue([36mnull[39m)[33m;[39m
     [90m 150 |[39m
    [31m[1m>[22m[39m[90m 151 |[39m       [36mconst[39m result [33m=[39m [36mawait[39m repository[33m.[39mfindByRg([32m'123456789'[39m)[33m;[39m
     [90m     |[39m                                       [31m[1m^[22m[39m
     [90m 152 |[39m
     [90m 153 |[39m       expect(result)[33m.[39mtoBeNull()[33m;[39m
     [90m 154 |[39m     })[33m;[39m[0m

      at Object.<anonymous> (src/modules/user/user.repository.unit.spec.ts:151:39)

FAIL src/modules/auth/auth.controller.unit.spec.ts
  ● Test suite failed to run

    Cannot find module './auth.controller' from 'src/modules/auth/auth.controller.unit.spec.ts'

    [0m [90m 4 |[39m [36mimport[39m { [33mAuthLoginSessionRequestDto[39m } [36mfrom[39m [32m'@modules/auth/shared/dtos'[39m[33m;[39m
     [90m 5 |[39m [36mimport[39m { [33mTest[39m[33m,[39m [33mTestingModule[39m } [36mfrom[39m [32m'@nestjs/testing'[39m[33m;[39m
    [31m[1m>[22m[39m[90m 6 |[39m [36mimport[39m { [33mAuthController[39m } [36mfrom[39m [32m'./auth.controller'[39m[33m;[39m
     [90m   |[39m [31m[1m^[22m[39m
     [90m 7 |[39m [36mimport[39m { [33mAUTH_LOGIN_SESSION_SERVICE_PROVIDE[39m } [36mfrom[39m [32m'./auth.token'[39m[33m;[39m
     [90m 8 |[39m
     [90m 9 |[39m [90m// Helper function to generate fake JWT-like tokens for testing[39m[0m

      at Resolver._throwModNotFoundError (node_modules/jest-resolve/build/index.js:863:11)
      at Object.<anonymous> (src/modules/auth/auth.controller.unit.spec.ts:6:1)

FAIL src/modules/auth/use-cases/auth-login-session.use-case.unit.spec.ts
  ● Test suite failed to run

    Jest worker encountered 4 child process exceptions, exceeding retry limit

      at ChildProcessWorker.initialize (node_modules/jest-worker/build/index.js:805:21)

FAIL src/modules/user/use-cases/create-user.use-case.unit.spec.ts
  ● Test suite failed to run

    Jest worker encountered 4 child process exceptions, exceeding retry limit

      at ChildProcessWorker.initialize (node_modules/jest-worker/build/index.js:805:21)


Test Suites: 10 failed, 45 passed, 55 total
Tests:       33 failed, 767 passed, 800 total
Snapshots:   0 total
Time:        23.103 s
Ran all test suites.
